38071 2025-01-02 14:39:17,192 my_logger INFO <Response [401]>
38200 2025-01-02 14:40:08,334 my_logger INFO <Response [404]>
38461 2025-01-02 14:41:26,045 my_logger INFO <Response [200]>
38586 2025-01-02 14:41:48,728 my_logger INFO <bound method Response.json of <Response [200]>>
39520 2025-01-02 14:53:05,757 my_logger INFO {'fact': 'There are approximately 100 breeds of cat.', 'length': 42}
39672 2025-01-02 14:54:19,168 my_logger INFO {'fact': 'When a family cat died in ancient Egypt, family members would mourn by shaving off their eyebrows. They also held elaborate funerals during which they drank wine and beat their breasts. The cat was embalmed with a sculpted wooden mask and the tiny mummy was placed in the family tomb or in a pet cemetery with tiny mummies of mice.', 'length': 331}
42274 2025-01-02 15:27:39,265 my_logger INFO 401
42832 2025-01-02 15:29:10,081 my_logger INFO 401
42963 2025-01-02 15:30:31,578 my_logger INFO 401
43299 2025-01-02 15:34:18,068 my_logger INFO 401
43467 2025-01-02 15:35:05,279 my_logger INFO 200
43819 2025-01-02 15:36:36,113 my_logger INFO 200
43819 2025-01-02 15:36:36,114 my_logger DEBUG <Response [200]>
43970 2025-01-02 15:36:55,395 my_logger INFO 200
43970 2025-01-02 15:36:55,395 my_logger DEBUG {'limit': 25, 'more': False, 'offset': 0, 'schedules': [{'description': 'kt for postman collection', 'escalation_policies': [], 'html_url': 'https://shilpa.pagerduty.com/schedules/PCKE7S6', 'id': 'PCKE7S6', 'name': 'KT', 'self': 'https://api.pagerduty.com/schedules/PCKE7S6', 'summary': 'KT', 'teams': [{'html_url': 'https://shilpa.pagerduty.com/teams/PLSDJRU', 'id': 'PLSDJRU', 'self': 'https://api.pagerduty.com/teams/PLSDJRU', 'summary': 'Sacumen', 'type': 'team_reference'}], 'time_zone': 'Etc/UTC', 'type': 'schedule', 'users': [{'html_url': 'https://shilpa.pagerduty.com/users/PASIKSM', 'id': 'PASIKSM', 'self': 'https://api.pagerduty.com/users/PASIKSM', 'summary': 'Shilpa GV', 'type': 'user_reference'}]}, {'description': 'Rotation schedule for Project1', 'escalation_policies': [], 'html_url': 'https://shilpa.pagerduty.com/schedules/PPKWUWL', 'id': 'PPKWUWL', 'name': 'Project1', 'self': 'https://api.pagerduty.com/schedules/PPKWUWL', 'summary': 'Project1', 'teams': [], 'time_zone': 'Etc/UTC', 'type': 'schedule', 'users': [{'html_url': 'https://shilpa.pagerduty.com/users/PASIKSM', 'id': 'PASIKSM', 'self': 'https://api.pagerduty.com/users/PASIKSM', 'summary': 'Shilpa GV', 'type': 'user_reference'}]}, {'description': 'Rotation schedule for Project2', 'escalation_policies': [], 'html_url': 'https://shilpa.pagerduty.com/schedules/P9O8THY', 'id': 'P9O8THY', 'name': 'Project2', 'self': 'https://api.pagerduty.com/schedules/P9O8THY', 'summary': 'Project2', 'teams': [], 'time_zone': 'Etc/UTC', 'type': 'schedule', 'users': [{'html_url': 'https://shilpa.pagerduty.com/users/PASIKSM', 'id': 'PASIKSM', 'self': 'https://api.pagerduty.com/users/PASIKSM', 'summary': 'Shilpa GV', 'type': 'user_reference'}]}, {'description': 'Rotation schedule for Project3', 'escalation_policies': [], 'html_url': 'https://shilpa.pagerduty.com/schedules/P5BKT58', 'id': 'P5BKT58', 'name': 'Project3', 'self': 'https://api.pagerduty.com/schedules/P5BKT58', 'summary': 'Project3', 'teams': [], 'time_zone': 'Etc/UTC', 'type': 'schedule', 'users': [{'html_url': 'https://shilpa.pagerduty.com/users/PASIKSM', 'id': 'PASIKSM', 'self': 'https://api.pagerduty.com/users/PASIKSM', 'summary': 'Shilpa GV', 'type': 'user_reference'}]}, {'description': 'Rotation schedule for Project4', 'escalation_policies': [], 'html_url': 'https://shilpa.pagerduty.com/schedules/P22ZSSI', 'id': 'P22ZSSI', 'name': 'Project4', 'self': 'https://api.pagerduty.com/schedules/P22ZSSI', 'summary': 'Project4', 'teams': [], 'time_zone': 'Etc/UTC', 'type': 'schedule', 'users': [{'html_url': 'https://shilpa.pagerduty.com/users/PASIKSM', 'id': 'PASIKSM', 'self': 'https://api.pagerduty.com/users/PASIKSM', 'summary': 'Shilpa GV', 'type': 'user_reference'}]}, {'description': 'Rotation schedule for Project5', 'escalation_policies': [], 'html_url': 'https://shilpa.pagerduty.com/schedules/PKLISD2', 'id': 'PKLISD2', 'name': 'Project5', 'self': 'https://api.pagerduty.com/schedules/PKLISD2', 'summary': 'Project5', 'teams': [], 'time_zone': 'Etc/UTC', 'type': 'schedule', 'users': [{'html_url': 'https://shilpa.pagerduty.com/users/PASIKSM', 'id': 'PASIKSM', 'self': 'https://api.pagerduty.com/users/PASIKSM', 'summary': 'Shilpa GV', 'type': 'user_reference'}]}, {'description': 'Rotation schedule for Project6', 'escalation_policies': [], 'html_url': 'https://shilpa.pagerduty.com/schedules/PHPXS0C', 'id': 'PHPXS0C', 'name': 'Project6', 'self': 'https://api.pagerduty.com/schedules/PHPXS0C', 'summary': 'Project6', 'teams': [], 'time_zone': 'Etc/UTC', 'type': 'schedule', 'users': [{'html_url': 'https://shilpa.pagerduty.com/users/PASIKSM', 'id': 'PASIKSM', 'self': 'https://api.pagerduty.com/users/PASIKSM', 'summary': 'Shilpa GV', 'type': 'user_reference'}]}, {'description': 'Rotation schedule for engineering', 'escalation_policies': [], 'html_url': 'https://shilpa.pagerduty.com/schedules/P7H83JQ', 'id': 'P7H83JQ', 'name': 'Sacumen', 'self': 'https://api.pagerduty.com/schedules/P7H83JQ', 'summary': 'Sacumen', 'teams': [], 'time_zone': 'America/New_York', 'type': 'schedule', 'users': [{'html_url': 'https://shilpa.pagerduty.com/users/PASIKSM', 'id': 'PASIKSM', 'self': 'https://api.pagerduty.com/users/PASIKSM', 'summary': 'Shilpa GV', 'type': 'user_reference'}]}, {'description': 'new shedule', 'escalation_policies': [], 'html_url': 'https://shilpa.pagerduty.com/schedules/PXQRXL2', 'id': 'PXQRXL2', 'name': 'shilpa', 'self': 'https://api.pagerduty.com/schedules/PXQRXL2', 'summary': 'shilpa', 'teams': [], 'time_zone': 'Etc/UTC', 'type': 'schedule', 'users': [{'html_url': 'https://shilpa.pagerduty.com/users/PASIKSM', 'id': 'PASIKSM', 'self': 'https://api.pagerduty.com/users/PASIKSM', 'summary': 'Shilpa GV', 'type': 'user_reference'}]}], 'total': None}
48806 2025-01-02 15:50:08,630 my_logger INFO 200
48806 2025-01-02 15:50:08,631 my_logger DEBUG {'limit': 25, 'more': False, 'offset': 0, 'schedules': [{'description': 'kt for postman collection', 'escalation_policies': [], 'html_url': 'https://shilpa.pagerduty.com/schedules/PCKE7S6', 'id': 'PCKE7S6', 'name': 'KT', 'self': 'https://api.pagerduty.com/schedules/PCKE7S6', 'summary': 'KT', 'teams': [{'html_url': 'https://shilpa.pagerduty.com/teams/PLSDJRU', 'id': 'PLSDJRU', 'self': 'https://api.pagerduty.com/teams/PLSDJRU', 'summary': 'Sacumen', 'type': 'team_reference'}], 'time_zone': 'Etc/UTC', 'type': 'schedule', 'users': [{'html_url': 'https://shilpa.pagerduty.com/users/PASIKSM', 'id': 'PASIKSM', 'self': 'https://api.pagerduty.com/users/PASIKSM', 'summary': 'Shilpa GV', 'type': 'user_reference'}]}, {'description': 'Rotation schedule for Project1', 'escalation_policies': [], 'html_url': 'https://shilpa.pagerduty.com/schedules/PPKWUWL', 'id': 'PPKWUWL', 'name': 'Project1', 'self': 'https://api.pagerduty.com/schedules/PPKWUWL', 'summary': 'Project1', 'teams': [], 'time_zone': 'Etc/UTC', 'type': 'schedule', 'users': [{'html_url': 'https://shilpa.pagerduty.com/users/PASIKSM', 'id': 'PASIKSM', 'self': 'https://api.pagerduty.com/users/PASIKSM', 'summary': 'Shilpa GV', 'type': 'user_reference'}]}, {'description': 'Rotation schedule for Project2', 'escalation_policies': [], 'html_url': 'https://shilpa.pagerduty.com/schedules/P9O8THY', 'id': 'P9O8THY', 'name': 'Project2', 'self': 'https://api.pagerduty.com/schedules/P9O8THY', 'summary': 'Project2', 'teams': [], 'time_zone': 'Etc/UTC', 'type': 'schedule', 'users': [{'html_url': 'https://shilpa.pagerduty.com/users/PASIKSM', 'id': 'PASIKSM', 'self': 'https://api.pagerduty.com/users/PASIKSM', 'summary': 'Shilpa GV', 'type': 'user_reference'}]}, {'description': 'Rotation schedule for Project3', 'escalation_policies': [], 'html_url': 'https://shilpa.pagerduty.com/schedules/P5BKT58', 'id': 'P5BKT58', 'name': 'Project3', 'self': 'https://api.pagerduty.com/schedules/P5BKT58', 'summary': 'Project3', 'teams': [], 'time_zone': 'Etc/UTC', 'type': 'schedule', 'users': [{'html_url': 'https://shilpa.pagerduty.com/users/PASIKSM', 'id': 'PASIKSM', 'self': 'https://api.pagerduty.com/users/PASIKSM', 'summary': 'Shilpa GV', 'type': 'user_reference'}]}, {'description': 'Rotation schedule for Project4', 'escalation_policies': [], 'html_url': 'https://shilpa.pagerduty.com/schedules/P22ZSSI', 'id': 'P22ZSSI', 'name': 'Project4', 'self': 'https://api.pagerduty.com/schedules/P22ZSSI', 'summary': 'Project4', 'teams': [], 'time_zone': 'Etc/UTC', 'type': 'schedule', 'users': [{'html_url': 'https://shilpa.pagerduty.com/users/PASIKSM', 'id': 'PASIKSM', 'self': 'https://api.pagerduty.com/users/PASIKSM', 'summary': 'Shilpa GV', 'type': 'user_reference'}]}, {'description': 'Rotation schedule for Project5', 'escalation_policies': [], 'html_url': 'https://shilpa.pagerduty.com/schedules/PKLISD2', 'id': 'PKLISD2', 'name': 'Project5', 'self': 'https://api.pagerduty.com/schedules/PKLISD2', 'summary': 'Project5', 'teams': [], 'time_zone': 'Etc/UTC', 'type': 'schedule', 'users': [{'html_url': 'https://shilpa.pagerduty.com/users/PASIKSM', 'id': 'PASIKSM', 'self': 'https://api.pagerduty.com/users/PASIKSM', 'summary': 'Shilpa GV', 'type': 'user_reference'}]}, {'description': 'Rotation schedule for Project6', 'escalation_policies': [], 'html_url': 'https://shilpa.pagerduty.com/schedules/PHPXS0C', 'id': 'PHPXS0C', 'name': 'Project6', 'self': 'https://api.pagerduty.com/schedules/PHPXS0C', 'summary': 'Project6', 'teams': [], 'time_zone': 'Etc/UTC', 'type': 'schedule', 'users': [{'html_url': 'https://shilpa.pagerduty.com/users/PASIKSM', 'id': 'PASIKSM', 'self': 'https://api.pagerduty.com/users/PASIKSM', 'summary': 'Shilpa GV', 'type': 'user_reference'}]}, {'description': 'Rotation schedule for engineering', 'escalation_policies': [], 'html_url': 'https://shilpa.pagerduty.com/schedules/P7H83JQ', 'id': 'P7H83JQ', 'name': 'Sacumen', 'self': 'https://api.pagerduty.com/schedules/P7H83JQ', 'summary': 'Sacumen', 'teams': [], 'time_zone': 'America/New_York', 'type': 'schedule', 'users': [{'html_url': 'https://shilpa.pagerduty.com/users/PASIKSM', 'id': 'PASIKSM', 'self': 'https://api.pagerduty.com/users/PASIKSM', 'summary': 'Shilpa GV', 'type': 'user_reference'}]}, {'description': 'new shedule', 'escalation_policies': [], 'html_url': 'https://shilpa.pagerduty.com/schedules/PXQRXL2', 'id': 'PXQRXL2', 'name': 'shilpa', 'self': 'https://api.pagerduty.com/schedules/PXQRXL2', 'summary': 'shilpa', 'teams': [], 'time_zone': 'Etc/UTC', 'type': 'schedule', 'users': [{'html_url': 'https://shilpa.pagerduty.com/users/PASIKSM', 'id': 'PASIKSM', 'self': 'https://api.pagerduty.com/users/PASIKSM', 'summary': 'Shilpa GV', 'type': 'user_reference'}]}], 'total': None}
48806 2025-01-02 15:50:09,797 my_logger INFO 400
48806 2025-01-02 15:50:09,798 my_logger DEBUG <bound method Response.json of <Response [400]>>
48940 2025-01-02 15:51:48,474 my_logger INFO 200
48940 2025-01-02 15:51:48,474 my_logger DEBUG {'limit': 25, 'more': False, 'offset': 0, 'schedules': [{'description': 'kt for postman collection', 'escalation_policies': [], 'html_url': 'https://shilpa.pagerduty.com/schedules/PCKE7S6', 'id': 'PCKE7S6', 'name': 'KT', 'self': 'https://api.pagerduty.com/schedules/PCKE7S6', 'summary': 'KT', 'teams': [{'html_url': 'https://shilpa.pagerduty.com/teams/PLSDJRU', 'id': 'PLSDJRU', 'self': 'https://api.pagerduty.com/teams/PLSDJRU', 'summary': 'Sacumen', 'type': 'team_reference'}], 'time_zone': 'Etc/UTC', 'type': 'schedule', 'users': [{'html_url': 'https://shilpa.pagerduty.com/users/PASIKSM', 'id': 'PASIKSM', 'self': 'https://api.pagerduty.com/users/PASIKSM', 'summary': 'Shilpa GV', 'type': 'user_reference'}]}, {'description': 'Rotation schedule for Project1', 'escalation_policies': [], 'html_url': 'https://shilpa.pagerduty.com/schedules/PPKWUWL', 'id': 'PPKWUWL', 'name': 'Project1', 'self': 'https://api.pagerduty.com/schedules/PPKWUWL', 'summary': 'Project1', 'teams': [], 'time_zone': 'Etc/UTC', 'type': 'schedule', 'users': [{'html_url': 'https://shilpa.pagerduty.com/users/PASIKSM', 'id': 'PASIKSM', 'self': 'https://api.pagerduty.com/users/PASIKSM', 'summary': 'Shilpa GV', 'type': 'user_reference'}]}, {'description': 'Rotation schedule for Project2', 'escalation_policies': [], 'html_url': 'https://shilpa.pagerduty.com/schedules/P9O8THY', 'id': 'P9O8THY', 'name': 'Project2', 'self': 'https://api.pagerduty.com/schedules/P9O8THY', 'summary': 'Project2', 'teams': [], 'time_zone': 'Etc/UTC', 'type': 'schedule', 'users': [{'html_url': 'https://shilpa.pagerduty.com/users/PASIKSM', 'id': 'PASIKSM', 'self': 'https://api.pagerduty.com/users/PASIKSM', 'summary': 'Shilpa GV', 'type': 'user_reference'}]}, {'description': 'Rotation schedule for Project3', 'escalation_policies': [], 'html_url': 'https://shilpa.pagerduty.com/schedules/P5BKT58', 'id': 'P5BKT58', 'name': 'Project3', 'self': 'https://api.pagerduty.com/schedules/P5BKT58', 'summary': 'Project3', 'teams': [], 'time_zone': 'Etc/UTC', 'type': 'schedule', 'users': [{'html_url': 'https://shilpa.pagerduty.com/users/PASIKSM', 'id': 'PASIKSM', 'self': 'https://api.pagerduty.com/users/PASIKSM', 'summary': 'Shilpa GV', 'type': 'user_reference'}]}, {'description': 'Rotation schedule for Project4', 'escalation_policies': [], 'html_url': 'https://shilpa.pagerduty.com/schedules/P22ZSSI', 'id': 'P22ZSSI', 'name': 'Project4', 'self': 'https://api.pagerduty.com/schedules/P22ZSSI', 'summary': 'Project4', 'teams': [], 'time_zone': 'Etc/UTC', 'type': 'schedule', 'users': [{'html_url': 'https://shilpa.pagerduty.com/users/PASIKSM', 'id': 'PASIKSM', 'self': 'https://api.pagerduty.com/users/PASIKSM', 'summary': 'Shilpa GV', 'type': 'user_reference'}]}, {'description': 'Rotation schedule for Project5', 'escalation_policies': [], 'html_url': 'https://shilpa.pagerduty.com/schedules/PKLISD2', 'id': 'PKLISD2', 'name': 'Project5', 'self': 'https://api.pagerduty.com/schedules/PKLISD2', 'summary': 'Project5', 'teams': [], 'time_zone': 'Etc/UTC', 'type': 'schedule', 'users': [{'html_url': 'https://shilpa.pagerduty.com/users/PASIKSM', 'id': 'PASIKSM', 'self': 'https://api.pagerduty.com/users/PASIKSM', 'summary': 'Shilpa GV', 'type': 'user_reference'}]}, {'description': 'Rotation schedule for Project6', 'escalation_policies': [], 'html_url': 'https://shilpa.pagerduty.com/schedules/PHPXS0C', 'id': 'PHPXS0C', 'name': 'Project6', 'self': 'https://api.pagerduty.com/schedules/PHPXS0C', 'summary': 'Project6', 'teams': [], 'time_zone': 'Etc/UTC', 'type': 'schedule', 'users': [{'html_url': 'https://shilpa.pagerduty.com/users/PASIKSM', 'id': 'PASIKSM', 'self': 'https://api.pagerduty.com/users/PASIKSM', 'summary': 'Shilpa GV', 'type': 'user_reference'}]}, {'description': 'Rotation schedule for Project6', 'escalation_policies': [], 'html_url': 'https://shilpa.pagerduty.com/schedules/PPW98HO', 'id': 'PPW98HO', 'name': 'Project7', 'self': 'https://api.pagerduty.com/schedules/PPW98HO', 'summary': 'Project7', 'teams': [], 'time_zone': 'Etc/UTC', 'type': 'schedule', 'users': [{'html_url': 'https://shilpa.pagerduty.com/users/PASIKSM', 'id': 'PASIKSM', 'self': 'https://api.pagerduty.com/users/PASIKSM', 'summary': 'Shilpa GV', 'type': 'user_reference'}]}, {'description': 'Rotation schedule for engineering', 'escalation_policies': [], 'html_url': 'https://shilpa.pagerduty.com/schedules/P7H83JQ', 'id': 'P7H83JQ', 'name': 'Sacumen', 'self': 'https://api.pagerduty.com/schedules/P7H83JQ', 'summary': 'Sacumen', 'teams': [], 'time_zone': 'America/New_York', 'type': 'schedule', 'users': [{'html_url': 'https://shilpa.pagerduty.com/users/PASIKSM', 'id': 'PASIKSM', 'self': 'https://api.pagerduty.com/users/PASIKSM', 'summary': 'Shilpa GV', 'type': 'user_reference'}]}, {'description': 'new shedule', 'escalation_policies': [], 'html_url': 'https://shilpa.pagerduty.com/schedules/PXQRXL2', 'id': 'PXQRXL2', 'name': 'shilpa', 'self': 'https://api.pagerduty.com/schedules/PXQRXL2', 'summary': 'shilpa', 'teams': [], 'time_zone': 'Etc/UTC', 'type': 'schedule', 'users': [{'html_url': 'https://shilpa.pagerduty.com/users/PASIKSM', 'id': 'PASIKSM', 'self': 'https://api.pagerduty.com/users/PASIKSM', 'summary': 'Shilpa GV', 'type': 'user_reference'}]}], 'total': None}
48940 2025-01-02 15:51:50,670 my_logger INFO 400
48940 2025-01-02 15:51:50,670 my_logger DEBUG <bound method Response.json of <Response [400]>>
49436 2025-01-02 15:52:55,873 my_logger INFO 200
49436 2025-01-02 15:52:55,873 my_logger DEBUG {'limit': 25, 'more': False, 'offset': 0, 'schedules': [{'description': 'kt for postman collection', 'escalation_policies': [], 'html_url': 'https://shilpa.pagerduty.com/schedules/PCKE7S6', 'id': 'PCKE7S6', 'name': 'KT', 'self': 'https://api.pagerduty.com/schedules/PCKE7S6', 'summary': 'KT', 'teams': [{'html_url': 'https://shilpa.pagerduty.com/teams/PLSDJRU', 'id': 'PLSDJRU', 'self': 'https://api.pagerduty.com/teams/PLSDJRU', 'summary': 'Sacumen', 'type': 'team_reference'}], 'time_zone': 'Etc/UTC', 'type': 'schedule', 'users': [{'html_url': 'https://shilpa.pagerduty.com/users/PASIKSM', 'id': 'PASIKSM', 'self': 'https://api.pagerduty.com/users/PASIKSM', 'summary': 'Shilpa GV', 'type': 'user_reference'}]}, {'description': 'Rotation schedule for Project1', 'escalation_policies': [], 'html_url': 'https://shilpa.pagerduty.com/schedules/PPKWUWL', 'id': 'PPKWUWL', 'name': 'Project1', 'self': 'https://api.pagerduty.com/schedules/PPKWUWL', 'summary': 'Project1', 'teams': [], 'time_zone': 'Etc/UTC', 'type': 'schedule', 'users': [{'html_url': 'https://shilpa.pagerduty.com/users/PASIKSM', 'id': 'PASIKSM', 'self': 'https://api.pagerduty.com/users/PASIKSM', 'summary': 'Shilpa GV', 'type': 'user_reference'}]}, {'description': 'Rotation schedule for Project2', 'escalation_policies': [], 'html_url': 'https://shilpa.pagerduty.com/schedules/P9O8THY', 'id': 'P9O8THY', 'name': 'Project2', 'self': 'https://api.pagerduty.com/schedules/P9O8THY', 'summary': 'Project2', 'teams': [], 'time_zone': 'Etc/UTC', 'type': 'schedule', 'users': [{'html_url': 'https://shilpa.pagerduty.com/users/PASIKSM', 'id': 'PASIKSM', 'self': 'https://api.pagerduty.com/users/PASIKSM', 'summary': 'Shilpa GV', 'type': 'user_reference'}]}, {'description': 'Rotation schedule for Project3', 'escalation_policies': [], 'html_url': 'https://shilpa.pagerduty.com/schedules/P5BKT58', 'id': 'P5BKT58', 'name': 'Project3', 'self': 'https://api.pagerduty.com/schedules/P5BKT58', 'summary': 'Project3', 'teams': [], 'time_zone': 'Etc/UTC', 'type': 'schedule', 'users': [{'html_url': 'https://shilpa.pagerduty.com/users/PASIKSM', 'id': 'PASIKSM', 'self': 'https://api.pagerduty.com/users/PASIKSM', 'summary': 'Shilpa GV', 'type': 'user_reference'}]}, {'description': 'Rotation schedule for Project4', 'escalation_policies': [], 'html_url': 'https://shilpa.pagerduty.com/schedules/P22ZSSI', 'id': 'P22ZSSI', 'name': 'Project4', 'self': 'https://api.pagerduty.com/schedules/P22ZSSI', 'summary': 'Project4', 'teams': [], 'time_zone': 'Etc/UTC', 'type': 'schedule', 'users': [{'html_url': 'https://shilpa.pagerduty.com/users/PASIKSM', 'id': 'PASIKSM', 'self': 'https://api.pagerduty.com/users/PASIKSM', 'summary': 'Shilpa GV', 'type': 'user_reference'}]}, {'description': 'Rotation schedule for Project5', 'escalation_policies': [], 'html_url': 'https://shilpa.pagerduty.com/schedules/PKLISD2', 'id': 'PKLISD2', 'name': 'Project5', 'self': 'https://api.pagerduty.com/schedules/PKLISD2', 'summary': 'Project5', 'teams': [], 'time_zone': 'Etc/UTC', 'type': 'schedule', 'users': [{'html_url': 'https://shilpa.pagerduty.com/users/PASIKSM', 'id': 'PASIKSM', 'self': 'https://api.pagerduty.com/users/PASIKSM', 'summary': 'Shilpa GV', 'type': 'user_reference'}]}, {'description': 'Rotation schedule for Project6', 'escalation_policies': [], 'html_url': 'https://shilpa.pagerduty.com/schedules/PHPXS0C', 'id': 'PHPXS0C', 'name': 'Project6', 'self': 'https://api.pagerduty.com/schedules/PHPXS0C', 'summary': 'Project6', 'teams': [], 'time_zone': 'Etc/UTC', 'type': 'schedule', 'users': [{'html_url': 'https://shilpa.pagerduty.com/users/PASIKSM', 'id': 'PASIKSM', 'self': 'https://api.pagerduty.com/users/PASIKSM', 'summary': 'Shilpa GV', 'type': 'user_reference'}]}, {'description': 'Rotation schedule for Project6', 'escalation_policies': [], 'html_url': 'https://shilpa.pagerduty.com/schedules/PPW98HO', 'id': 'PPW98HO', 'name': 'Project7', 'self': 'https://api.pagerduty.com/schedules/PPW98HO', 'summary': 'Project7', 'teams': [], 'time_zone': 'Etc/UTC', 'type': 'schedule', 'users': [{'html_url': 'https://shilpa.pagerduty.com/users/PASIKSM', 'id': 'PASIKSM', 'self': 'https://api.pagerduty.com/users/PASIKSM', 'summary': 'Shilpa GV', 'type': 'user_reference'}]}, {'description': 'Rotation schedule for engineering', 'escalation_policies': [], 'html_url': 'https://shilpa.pagerduty.com/schedules/P7H83JQ', 'id': 'P7H83JQ', 'name': 'Sacumen', 'self': 'https://api.pagerduty.com/schedules/P7H83JQ', 'summary': 'Sacumen', 'teams': [], 'time_zone': 'America/New_York', 'type': 'schedule', 'users': [{'html_url': 'https://shilpa.pagerduty.com/users/PASIKSM', 'id': 'PASIKSM', 'self': 'https://api.pagerduty.com/users/PASIKSM', 'summary': 'Shilpa GV', 'type': 'user_reference'}]}, {'description': 'new shedule', 'escalation_policies': [], 'html_url': 'https://shilpa.pagerduty.com/schedules/PXQRXL2', 'id': 'PXQRXL2', 'name': 'shilpa', 'self': 'https://api.pagerduty.com/schedules/PXQRXL2', 'summary': 'shilpa', 'teams': [], 'time_zone': 'Etc/UTC', 'type': 'schedule', 'users': [{'html_url': 'https://shilpa.pagerduty.com/users/PASIKSM', 'id': 'PASIKSM', 'self': 'https://api.pagerduty.com/users/PASIKSM', 'summary': 'Shilpa GV', 'type': 'user_reference'}]}], 'total': None}
49436 2025-01-02 15:52:58,209 my_logger INFO 400
49436 2025-01-02 15:52:58,209 my_logger DEBUG <bound method Response.json of <Response [400]>>
49976 2025-01-02 15:58:27,226 my_logger INFO 200
49976 2025-01-02 15:58:27,227 my_logger DEBUG {'limit': 25, 'more': False, 'offset': 0, 'schedules': [{'description': 'kt for postman collection', 'escalation_policies': [], 'html_url': 'https://shilpa.pagerduty.com/schedules/PCKE7S6', 'id': 'PCKE7S6', 'name': 'KT', 'self': 'https://api.pagerduty.com/schedules/PCKE7S6', 'summary': 'KT', 'teams': [{'html_url': 'https://shilpa.pagerduty.com/teams/PLSDJRU', 'id': 'PLSDJRU', 'self': 'https://api.pagerduty.com/teams/PLSDJRU', 'summary': 'Sacumen', 'type': 'team_reference'}], 'time_zone': 'Etc/UTC', 'type': 'schedule', 'users': [{'html_url': 'https://shilpa.pagerduty.com/users/PASIKSM', 'id': 'PASIKSM', 'self': 'https://api.pagerduty.com/users/PASIKSM', 'summary': 'Shilpa GV', 'type': 'user_reference'}]}, {'description': 'Rotation schedule for Project1', 'escalation_policies': [], 'html_url': 'https://shilpa.pagerduty.com/schedules/PPKWUWL', 'id': 'PPKWUWL', 'name': 'Project1', 'self': 'https://api.pagerduty.com/schedules/PPKWUWL', 'summary': 'Project1', 'teams': [], 'time_zone': 'Etc/UTC', 'type': 'schedule', 'users': [{'html_url': 'https://shilpa.pagerduty.com/users/PASIKSM', 'id': 'PASIKSM', 'self': 'https://api.pagerduty.com/users/PASIKSM', 'summary': 'Shilpa GV', 'type': 'user_reference'}]}, {'description': 'Rotation schedule for Project2', 'escalation_policies': [], 'html_url': 'https://shilpa.pagerduty.com/schedules/P9O8THY', 'id': 'P9O8THY', 'name': 'Project2', 'self': 'https://api.pagerduty.com/schedules/P9O8THY', 'summary': 'Project2', 'teams': [], 'time_zone': 'Etc/UTC', 'type': 'schedule', 'users': [{'html_url': 'https://shilpa.pagerduty.com/users/PASIKSM', 'id': 'PASIKSM', 'self': 'https://api.pagerduty.com/users/PASIKSM', 'summary': 'Shilpa GV', 'type': 'user_reference'}]}, {'description': 'Rotation schedule for Project3', 'escalation_policies': [], 'html_url': 'https://shilpa.pagerduty.com/schedules/P5BKT58', 'id': 'P5BKT58', 'name': 'Project3', 'self': 'https://api.pagerduty.com/schedules/P5BKT58', 'summary': 'Project3', 'teams': [], 'time_zone': 'Etc/UTC', 'type': 'schedule', 'users': [{'html_url': 'https://shilpa.pagerduty.com/users/PASIKSM', 'id': 'PASIKSM', 'self': 'https://api.pagerduty.com/users/PASIKSM', 'summary': 'Shilpa GV', 'type': 'user_reference'}]}, {'description': 'Rotation schedule for Project4', 'escalation_policies': [], 'html_url': 'https://shilpa.pagerduty.com/schedules/P22ZSSI', 'id': 'P22ZSSI', 'name': 'Project4', 'self': 'https://api.pagerduty.com/schedules/P22ZSSI', 'summary': 'Project4', 'teams': [], 'time_zone': 'Etc/UTC', 'type': 'schedule', 'users': [{'html_url': 'https://shilpa.pagerduty.com/users/PASIKSM', 'id': 'PASIKSM', 'self': 'https://api.pagerduty.com/users/PASIKSM', 'summary': 'Shilpa GV', 'type': 'user_reference'}]}, {'description': 'Rotation schedule for Project5', 'escalation_policies': [], 'html_url': 'https://shilpa.pagerduty.com/schedules/PKLISD2', 'id': 'PKLISD2', 'name': 'Project5', 'self': 'https://api.pagerduty.com/schedules/PKLISD2', 'summary': 'Project5', 'teams': [], 'time_zone': 'Etc/UTC', 'type': 'schedule', 'users': [{'html_url': 'https://shilpa.pagerduty.com/users/PASIKSM', 'id': 'PASIKSM', 'self': 'https://api.pagerduty.com/users/PASIKSM', 'summary': 'Shilpa GV', 'type': 'user_reference'}]}, {'description': 'Rotation schedule for Project6', 'escalation_policies': [], 'html_url': 'https://shilpa.pagerduty.com/schedules/PHPXS0C', 'id': 'PHPXS0C', 'name': 'Project6', 'self': 'https://api.pagerduty.com/schedules/PHPXS0C', 'summary': 'Project6', 'teams': [], 'time_zone': 'Etc/UTC', 'type': 'schedule', 'users': [{'html_url': 'https://shilpa.pagerduty.com/users/PASIKSM', 'id': 'PASIKSM', 'self': 'https://api.pagerduty.com/users/PASIKSM', 'summary': 'Shilpa GV', 'type': 'user_reference'}]}, {'description': 'Rotation schedule for Project6', 'escalation_policies': [], 'html_url': 'https://shilpa.pagerduty.com/schedules/PPW98HO', 'id': 'PPW98HO', 'name': 'Project7', 'self': 'https://api.pagerduty.com/schedules/PPW98HO', 'summary': 'Project7', 'teams': [], 'time_zone': 'Etc/UTC', 'type': 'schedule', 'users': [{'html_url': 'https://shilpa.pagerduty.com/users/PASIKSM', 'id': 'PASIKSM', 'self': 'https://api.pagerduty.com/users/PASIKSM', 'summary': 'Shilpa GV', 'type': 'user_reference'}]}, {'description': 'Rotation schedule for engineering', 'escalation_policies': [], 'html_url': 'https://shilpa.pagerduty.com/schedules/P7H83JQ', 'id': 'P7H83JQ', 'name': 'Sacumen', 'self': 'https://api.pagerduty.com/schedules/P7H83JQ', 'summary': 'Sacumen', 'teams': [], 'time_zone': 'America/New_York', 'type': 'schedule', 'users': [{'html_url': 'https://shilpa.pagerduty.com/users/PASIKSM', 'id': 'PASIKSM', 'self': 'https://api.pagerduty.com/users/PASIKSM', 'summary': 'Shilpa GV', 'type': 'user_reference'}]}, {'description': 'new shedule', 'escalation_policies': [], 'html_url': 'https://shilpa.pagerduty.com/schedules/PXQRXL2', 'id': 'PXQRXL2', 'name': 'shilpa', 'self': 'https://api.pagerduty.com/schedules/PXQRXL2', 'summary': 'shilpa', 'teams': [], 'time_zone': 'Etc/UTC', 'type': 'schedule', 'users': [{'html_url': 'https://shilpa.pagerduty.com/users/PASIKSM', 'id': 'PASIKSM', 'self': 'https://api.pagerduty.com/users/PASIKSM', 'summary': 'Shilpa GV', 'type': 'user_reference'}]}], 'total': None}
49976 2025-01-02 15:58:29,061 my_logger INFO 400
49976 2025-01-02 15:58:29,062 my_logger DEBUG <bound method Response.json of <Response [400]>>
50182 2025-01-02 15:59:05,768 my_logger INFO 200
50182 2025-01-02 15:59:05,769 my_logger DEBUG {'limit': 25, 'more': False, 'offset': 0, 'schedules': [{'description': 'kt for postman collection', 'escalation_policies': [], 'html_url': 'https://shilpa.pagerduty.com/schedules/PCKE7S6', 'id': 'PCKE7S6', 'name': 'KT', 'self': 'https://api.pagerduty.com/schedules/PCKE7S6', 'summary': 'KT', 'teams': [{'html_url': 'https://shilpa.pagerduty.com/teams/PLSDJRU', 'id': 'PLSDJRU', 'self': 'https://api.pagerduty.com/teams/PLSDJRU', 'summary': 'Sacumen', 'type': 'team_reference'}], 'time_zone': 'Etc/UTC', 'type': 'schedule', 'users': [{'html_url': 'https://shilpa.pagerduty.com/users/PASIKSM', 'id': 'PASIKSM', 'self': 'https://api.pagerduty.com/users/PASIKSM', 'summary': 'Shilpa GV', 'type': 'user_reference'}]}, {'description': 'Rotation schedule for Project1', 'escalation_policies': [], 'html_url': 'https://shilpa.pagerduty.com/schedules/PPKWUWL', 'id': 'PPKWUWL', 'name': 'Project1', 'self': 'https://api.pagerduty.com/schedules/PPKWUWL', 'summary': 'Project1', 'teams': [], 'time_zone': 'Etc/UTC', 'type': 'schedule', 'users': [{'html_url': 'https://shilpa.pagerduty.com/users/PASIKSM', 'id': 'PASIKSM', 'self': 'https://api.pagerduty.com/users/PASIKSM', 'summary': 'Shilpa GV', 'type': 'user_reference'}]}, {'description': 'Rotation schedule for Project2', 'escalation_policies': [], 'html_url': 'https://shilpa.pagerduty.com/schedules/P9O8THY', 'id': 'P9O8THY', 'name': 'Project2', 'self': 'https://api.pagerduty.com/schedules/P9O8THY', 'summary': 'Project2', 'teams': [], 'time_zone': 'Etc/UTC', 'type': 'schedule', 'users': [{'html_url': 'https://shilpa.pagerduty.com/users/PASIKSM', 'id': 'PASIKSM', 'self': 'https://api.pagerduty.com/users/PASIKSM', 'summary': 'Shilpa GV', 'type': 'user_reference'}]}, {'description': 'Rotation schedule for Project3', 'escalation_policies': [], 'html_url': 'https://shilpa.pagerduty.com/schedules/P5BKT58', 'id': 'P5BKT58', 'name': 'Project3', 'self': 'https://api.pagerduty.com/schedules/P5BKT58', 'summary': 'Project3', 'teams': [], 'time_zone': 'Etc/UTC', 'type': 'schedule', 'users': [{'html_url': 'https://shilpa.pagerduty.com/users/PASIKSM', 'id': 'PASIKSM', 'self': 'https://api.pagerduty.com/users/PASIKSM', 'summary': 'Shilpa GV', 'type': 'user_reference'}]}, {'description': 'Rotation schedule for Project4', 'escalation_policies': [], 'html_url': 'https://shilpa.pagerduty.com/schedules/P22ZSSI', 'id': 'P22ZSSI', 'name': 'Project4', 'self': 'https://api.pagerduty.com/schedules/P22ZSSI', 'summary': 'Project4', 'teams': [], 'time_zone': 'Etc/UTC', 'type': 'schedule', 'users': [{'html_url': 'https://shilpa.pagerduty.com/users/PASIKSM', 'id': 'PASIKSM', 'self': 'https://api.pagerduty.com/users/PASIKSM', 'summary': 'Shilpa GV', 'type': 'user_reference'}]}, {'description': 'Rotation schedule for Project5', 'escalation_policies': [], 'html_url': 'https://shilpa.pagerduty.com/schedules/PKLISD2', 'id': 'PKLISD2', 'name': 'Project5', 'self': 'https://api.pagerduty.com/schedules/PKLISD2', 'summary': 'Project5', 'teams': [], 'time_zone': 'Etc/UTC', 'type': 'schedule', 'users': [{'html_url': 'https://shilpa.pagerduty.com/users/PASIKSM', 'id': 'PASIKSM', 'self': 'https://api.pagerduty.com/users/PASIKSM', 'summary': 'Shilpa GV', 'type': 'user_reference'}]}, {'description': 'Rotation schedule for Project6', 'escalation_policies': [], 'html_url': 'https://shilpa.pagerduty.com/schedules/PHPXS0C', 'id': 'PHPXS0C', 'name': 'Project6', 'self': 'https://api.pagerduty.com/schedules/PHPXS0C', 'summary': 'Project6', 'teams': [], 'time_zone': 'Etc/UTC', 'type': 'schedule', 'users': [{'html_url': 'https://shilpa.pagerduty.com/users/PASIKSM', 'id': 'PASIKSM', 'self': 'https://api.pagerduty.com/users/PASIKSM', 'summary': 'Shilpa GV', 'type': 'user_reference'}]}, {'description': 'Rotation schedule for Project6', 'escalation_policies': [], 'html_url': 'https://shilpa.pagerduty.com/schedules/PPW98HO', 'id': 'PPW98HO', 'name': 'Project7', 'self': 'https://api.pagerduty.com/schedules/PPW98HO', 'summary': 'Project7', 'teams': [], 'time_zone': 'Etc/UTC', 'type': 'schedule', 'users': [{'html_url': 'https://shilpa.pagerduty.com/users/PASIKSM', 'id': 'PASIKSM', 'self': 'https://api.pagerduty.com/users/PASIKSM', 'summary': 'Shilpa GV', 'type': 'user_reference'}]}, {'description': 'Rotation schedule for engineering', 'escalation_policies': [], 'html_url': 'https://shilpa.pagerduty.com/schedules/P7H83JQ', 'id': 'P7H83JQ', 'name': 'Sacumen', 'self': 'https://api.pagerduty.com/schedules/P7H83JQ', 'summary': 'Sacumen', 'teams': [], 'time_zone': 'America/New_York', 'type': 'schedule', 'users': [{'html_url': 'https://shilpa.pagerduty.com/users/PASIKSM', 'id': 'PASIKSM', 'self': 'https://api.pagerduty.com/users/PASIKSM', 'summary': 'Shilpa GV', 'type': 'user_reference'}]}, {'description': 'new shedule', 'escalation_policies': [], 'html_url': 'https://shilpa.pagerduty.com/schedules/PXQRXL2', 'id': 'PXQRXL2', 'name': 'shilpa', 'self': 'https://api.pagerduty.com/schedules/PXQRXL2', 'summary': 'shilpa', 'teams': [], 'time_zone': 'Etc/UTC', 'type': 'schedule', 'users': [{'html_url': 'https://shilpa.pagerduty.com/users/PASIKSM', 'id': 'PASIKSM', 'self': 'https://api.pagerduty.com/users/PASIKSM', 'summary': 'Shilpa GV', 'type': 'user_reference'}]}], 'total': None}
50182 2025-01-02 15:59:08,189 my_logger INFO 200
50182 2025-01-02 15:59:08,189 my_logger DEBUG <bound method Response.json of <Response [200]>>
50391 2025-01-02 15:59:42,013 my_logger INFO 200
50391 2025-01-02 15:59:42,013 my_logger DEBUG {'limit': 25, 'more': False, 'offset': 0, 'schedules': [{'description': 'kt for postman collection', 'escalation_policies': [], 'html_url': 'https://shilpa.pagerduty.com/schedules/PCKE7S6', 'id': 'PCKE7S6', 'name': 'KT', 'self': 'https://api.pagerduty.com/schedules/PCKE7S6', 'summary': 'KT', 'teams': [{'html_url': 'https://shilpa.pagerduty.com/teams/PLSDJRU', 'id': 'PLSDJRU', 'self': 'https://api.pagerduty.com/teams/PLSDJRU', 'summary': 'Sacumen', 'type': 'team_reference'}], 'time_zone': 'Etc/UTC', 'type': 'schedule', 'users': [{'html_url': 'https://shilpa.pagerduty.com/users/PASIKSM', 'id': 'PASIKSM', 'self': 'https://api.pagerduty.com/users/PASIKSM', 'summary': 'Shilpa GV', 'type': 'user_reference'}]}, {'description': 'Rotation schedule for Project1', 'escalation_policies': [], 'html_url': 'https://shilpa.pagerduty.com/schedules/PPKWUWL', 'id': 'PPKWUWL', 'name': 'Project1', 'self': 'https://api.pagerduty.com/schedules/PPKWUWL', 'summary': 'Project1', 'teams': [], 'time_zone': 'Etc/UTC', 'type': 'schedule', 'users': [{'html_url': 'https://shilpa.pagerduty.com/users/PASIKSM', 'id': 'PASIKSM', 'self': 'https://api.pagerduty.com/users/PASIKSM', 'summary': 'Shilpa GV', 'type': 'user_reference'}]}, {'description': 'Rotation schedule for Project2', 'escalation_policies': [], 'html_url': 'https://shilpa.pagerduty.com/schedules/P9O8THY', 'id': 'P9O8THY', 'name': 'Project2', 'self': 'https://api.pagerduty.com/schedules/P9O8THY', 'summary': 'Project2', 'teams': [], 'time_zone': 'Etc/UTC', 'type': 'schedule', 'users': [{'html_url': 'https://shilpa.pagerduty.com/users/PASIKSM', 'id': 'PASIKSM', 'self': 'https://api.pagerduty.com/users/PASIKSM', 'summary': 'Shilpa GV', 'type': 'user_reference'}]}, {'description': 'Rotation schedule for Project3', 'escalation_policies': [], 'html_url': 'https://shilpa.pagerduty.com/schedules/P5BKT58', 'id': 'P5BKT58', 'name': 'Project3', 'self': 'https://api.pagerduty.com/schedules/P5BKT58', 'summary': 'Project3', 'teams': [], 'time_zone': 'Etc/UTC', 'type': 'schedule', 'users': [{'html_url': 'https://shilpa.pagerduty.com/users/PASIKSM', 'id': 'PASIKSM', 'self': 'https://api.pagerduty.com/users/PASIKSM', 'summary': 'Shilpa GV', 'type': 'user_reference'}]}, {'description': 'Rotation schedule for Project4', 'escalation_policies': [], 'html_url': 'https://shilpa.pagerduty.com/schedules/P22ZSSI', 'id': 'P22ZSSI', 'name': 'Project4', 'self': 'https://api.pagerduty.com/schedules/P22ZSSI', 'summary': 'Project4', 'teams': [], 'time_zone': 'Etc/UTC', 'type': 'schedule', 'users': [{'html_url': 'https://shilpa.pagerduty.com/users/PASIKSM', 'id': 'PASIKSM', 'self': 'https://api.pagerduty.com/users/PASIKSM', 'summary': 'Shilpa GV', 'type': 'user_reference'}]}, {'description': 'Rotation schedule for Project5', 'escalation_policies': [], 'html_url': 'https://shilpa.pagerduty.com/schedules/PKLISD2', 'id': 'PKLISD2', 'name': 'Project5', 'self': 'https://api.pagerduty.com/schedules/PKLISD2', 'summary': 'Project5', 'teams': [], 'time_zone': 'Etc/UTC', 'type': 'schedule', 'users': [{'html_url': 'https://shilpa.pagerduty.com/users/PASIKSM', 'id': 'PASIKSM', 'self': 'https://api.pagerduty.com/users/PASIKSM', 'summary': 'Shilpa GV', 'type': 'user_reference'}]}, {'description': 'Rotation schedule for Project6', 'escalation_policies': [], 'html_url': 'https://shilpa.pagerduty.com/schedules/PHPXS0C', 'id': 'PHPXS0C', 'name': 'Project6', 'self': 'https://api.pagerduty.com/schedules/PHPXS0C', 'summary': 'Project6', 'teams': [], 'time_zone': 'Etc/UTC', 'type': 'schedule', 'users': [{'html_url': 'https://shilpa.pagerduty.com/users/PASIKSM', 'id': 'PASIKSM', 'self': 'https://api.pagerduty.com/users/PASIKSM', 'summary': 'Shilpa GV', 'type': 'user_reference'}]}, {'description': 'Rotation schedule for Project6', 'escalation_policies': [], 'html_url': 'https://shilpa.pagerduty.com/schedules/PPW98HO', 'id': 'PPW98HO', 'name': 'Project7', 'self': 'https://api.pagerduty.com/schedules/PPW98HO', 'summary': 'Project7', 'teams': [], 'time_zone': 'Etc/UTC', 'type': 'schedule', 'users': [{'html_url': 'https://shilpa.pagerduty.com/users/PASIKSM', 'id': 'PASIKSM', 'self': 'https://api.pagerduty.com/users/PASIKSM', 'summary': 'Shilpa GV', 'type': 'user_reference'}]}, {'description': 'Rotation schedule for Project6', 'escalation_policies': [], 'html_url': 'https://shilpa.pagerduty.com/schedules/P5NA7SY', 'id': 'P5NA7SY', 'name': 'Project8', 'self': 'https://api.pagerduty.com/schedules/P5NA7SY', 'summary': 'Project8', 'teams': [], 'time_zone': 'Etc/UTC', 'type': 'schedule', 'users': [{'html_url': 'https://shilpa.pagerduty.com/users/PASIKSM', 'id': 'PASIKSM', 'self': 'https://api.pagerduty.com/users/PASIKSM', 'summary': 'Shilpa GV', 'type': 'user_reference'}]}, {'description': 'Rotation schedule for engineering', 'escalation_policies': [], 'html_url': 'https://shilpa.pagerduty.com/schedules/P7H83JQ', 'id': 'P7H83JQ', 'name': 'Sacumen', 'self': 'https://api.pagerduty.com/schedules/P7H83JQ', 'summary': 'Sacumen', 'teams': [], 'time_zone': 'America/New_York', 'type': 'schedule', 'users': [{'html_url': 'https://shilpa.pagerduty.com/users/PASIKSM', 'id': 'PASIKSM', 'self': 'https://api.pagerduty.com/users/PASIKSM', 'summary': 'Shilpa GV', 'type': 'user_reference'}]}, {'description': 'new shedule', 'escalation_policies': [], 'html_url': 'https://shilpa.pagerduty.com/schedules/PXQRXL2', 'id': 'PXQRXL2', 'name': 'shilpa', 'self': 'https://api.pagerduty.com/schedules/PXQRXL2', 'summary': 'shilpa', 'teams': [], 'time_zone': 'Etc/UTC', 'type': 'schedule', 'users': [{'html_url': 'https://shilpa.pagerduty.com/users/PASIKSM', 'id': 'PASIKSM', 'self': 'https://api.pagerduty.com/users/PASIKSM', 'summary': 'Shilpa GV', 'type': 'user_reference'}]}], 'total': None}
50391 2025-01-02 15:59:44,253 my_logger INFO 200
50391 2025-01-02 15:59:44,254 my_logger DEBUG {'schedule': {'description': 'Rotation schedule for Project6', 'escalation_policies': [], 'final_schedule': {'name': 'Final Schedule', 'rendered_coverage_percentage': None, 'rendered_schedule_entries': []}, 'html_url': 'https://shilpa.pagerduty.com/schedules/P1BP6D8', 'id': 'P1BP6D8', 'name': 'Project9', 'overrides_subschedule': {'name': 'Overrides', 'rendered_coverage_percentage': None, 'rendered_schedule_entries': []}, 'schedule_layers': [{'end': None, 'id': 'PX0O2M8', 'name': 'Night Shift', 'rendered_coverage_percentage': None, 'rendered_schedule_entries': [], 'restrictions': [{'duration_seconds': 32400, 'start_time_of_day': '08:00:00', 'type': 'daily_restriction'}], 'rotation_turn_length_seconds': 86400, 'rotation_virtual_start': '2015-11-07T01:00:00Z', 'start': '2025-01-02T10:29:43Z', 'users': [{'user': {'html_url': 'https://shilpa.pagerduty.com/users/PASIKSM', 'id': 'PASIKSM', 'self': 'https://api.pagerduty.com/users/PASIKSM', 'summary': 'Shilpa GV', 'type': 'user_reference'}}]}], 'self': 'https://api.pagerduty.com/schedules/P1BP6D8', 'summary': 'Project9', 'teams': [], 'time_zone': 'Etc/UTC', 'type': 'schedule', 'users': [{'html_url': 'https://shilpa.pagerduty.com/users/PASIKSM', 'id': 'PASIKSM', 'self': 'https://api.pagerduty.com/users/PASIKSM', 'summary': 'Shilpa GV', 'type': 'user_reference'}]}}
53867 2025-01-02 16:13:57,760 my_logger INFO 200
53867 2025-01-02 16:13:57,760 my_logger DEBUG {'limit': 25, 'more': False, 'offset': 0, 'schedules': [{'description': 'kt for postman collection', 'escalation_policies': [], 'html_url': 'https://shilpa.pagerduty.com/schedules/PCKE7S6', 'id': 'PCKE7S6', 'name': 'KT', 'self': 'https://api.pagerduty.com/schedules/PCKE7S6', 'summary': 'KT', 'teams': [{'html_url': 'https://shilpa.pagerduty.com/teams/PLSDJRU', 'id': 'PLSDJRU', 'self': 'https://api.pagerduty.com/teams/PLSDJRU', 'summary': 'Sacumen', 'type': 'team_reference'}], 'time_zone': 'Etc/UTC', 'type': 'schedule', 'users': [{'html_url': 'https://shilpa.pagerduty.com/users/PASIKSM', 'id': 'PASIKSM', 'self': 'https://api.pagerduty.com/users/PASIKSM', 'summary': 'Shilpa GV', 'type': 'user_reference'}]}, {'description': 'Rotation schedule for Project1', 'escalation_policies': [], 'html_url': 'https://shilpa.pagerduty.com/schedules/PPKWUWL', 'id': 'PPKWUWL', 'name': 'Project1', 'self': 'https://api.pagerduty.com/schedules/PPKWUWL', 'summary': 'Project1', 'teams': [], 'time_zone': 'Etc/UTC', 'type': 'schedule', 'users': [{'html_url': 'https://shilpa.pagerduty.com/users/PASIKSM', 'id': 'PASIKSM', 'self': 'https://api.pagerduty.com/users/PASIKSM', 'summary': 'Shilpa GV', 'type': 'user_reference'}]}, {'description': 'Rotation schedule for Project2', 'escalation_policies': [], 'html_url': 'https://shilpa.pagerduty.com/schedules/P9O8THY', 'id': 'P9O8THY', 'name': 'Project2', 'self': 'https://api.pagerduty.com/schedules/P9O8THY', 'summary': 'Project2', 'teams': [], 'time_zone': 'Etc/UTC', 'type': 'schedule', 'users': [{'html_url': 'https://shilpa.pagerduty.com/users/PASIKSM', 'id': 'PASIKSM', 'self': 'https://api.pagerduty.com/users/PASIKSM', 'summary': 'Shilpa GV', 'type': 'user_reference'}]}, {'description': 'Rotation schedule for Project3', 'escalation_policies': [], 'html_url': 'https://shilpa.pagerduty.com/schedules/P5BKT58', 'id': 'P5BKT58', 'name': 'Project3', 'self': 'https://api.pagerduty.com/schedules/P5BKT58', 'summary': 'Project3', 'teams': [], 'time_zone': 'Etc/UTC', 'type': 'schedule', 'users': [{'html_url': 'https://shilpa.pagerduty.com/users/PASIKSM', 'id': 'PASIKSM', 'self': 'https://api.pagerduty.com/users/PASIKSM', 'summary': 'Shilpa GV', 'type': 'user_reference'}]}, {'description': 'Rotation schedule for Project4', 'escalation_policies': [], 'html_url': 'https://shilpa.pagerduty.com/schedules/P22ZSSI', 'id': 'P22ZSSI', 'name': 'Project4', 'self': 'https://api.pagerduty.com/schedules/P22ZSSI', 'summary': 'Project4', 'teams': [], 'time_zone': 'Etc/UTC', 'type': 'schedule', 'users': [{'html_url': 'https://shilpa.pagerduty.com/users/PASIKSM', 'id': 'PASIKSM', 'self': 'https://api.pagerduty.com/users/PASIKSM', 'summary': 'Shilpa GV', 'type': 'user_reference'}]}, {'description': 'Rotation schedule for Project5', 'escalation_policies': [], 'html_url': 'https://shilpa.pagerduty.com/schedules/PKLISD2', 'id': 'PKLISD2', 'name': 'Project5', 'self': 'https://api.pagerduty.com/schedules/PKLISD2', 'summary': 'Project5', 'teams': [], 'time_zone': 'Etc/UTC', 'type': 'schedule', 'users': [{'html_url': 'https://shilpa.pagerduty.com/users/PASIKSM', 'id': 'PASIKSM', 'self': 'https://api.pagerduty.com/users/PASIKSM', 'summary': 'Shilpa GV', 'type': 'user_reference'}]}, {'description': 'Rotation schedule for Project6', 'escalation_policies': [], 'html_url': 'https://shilpa.pagerduty.com/schedules/PHPXS0C', 'id': 'PHPXS0C', 'name': 'Project6', 'self': 'https://api.pagerduty.com/schedules/PHPXS0C', 'summary': 'Project6', 'teams': [], 'time_zone': 'Etc/UTC', 'type': 'schedule', 'users': [{'html_url': 'https://shilpa.pagerduty.com/users/PASIKSM', 'id': 'PASIKSM', 'self': 'https://api.pagerduty.com/users/PASIKSM', 'summary': 'Shilpa GV', 'type': 'user_reference'}]}, {'description': 'Rotation schedule for Project6', 'escalation_policies': [], 'html_url': 'https://shilpa.pagerduty.com/schedules/PPW98HO', 'id': 'PPW98HO', 'name': 'Project7', 'self': 'https://api.pagerduty.com/schedules/PPW98HO', 'summary': 'Project7', 'teams': [], 'time_zone': 'Etc/UTC', 'type': 'schedule', 'users': [{'html_url': 'https://shilpa.pagerduty.com/users/PASIKSM', 'id': 'PASIKSM', 'self': 'https://api.pagerduty.com/users/PASIKSM', 'summary': 'Shilpa GV', 'type': 'user_reference'}]}, {'description': 'Rotation schedule for Project6', 'escalation_policies': [], 'html_url': 'https://shilpa.pagerduty.com/schedules/P5NA7SY', 'id': 'P5NA7SY', 'name': 'Project8', 'self': 'https://api.pagerduty.com/schedules/P5NA7SY', 'summary': 'Project8', 'teams': [], 'time_zone': 'Etc/UTC', 'type': 'schedule', 'users': [{'html_url': 'https://shilpa.pagerduty.com/users/PASIKSM', 'id': 'PASIKSM', 'self': 'https://api.pagerduty.com/users/PASIKSM', 'summary': 'Shilpa GV', 'type': 'user_reference'}]}, {'description': 'Rotation schedule for Project6', 'escalation_policies': [], 'html_url': 'https://shilpa.pagerduty.com/schedules/P1BP6D8', 'id': 'P1BP6D8', 'name': 'Project9', 'self': 'https://api.pagerduty.com/schedules/P1BP6D8', 'summary': 'Project9', 'teams': [], 'time_zone': 'Etc/UTC', 'type': 'schedule', 'users': [{'html_url': 'https://shilpa.pagerduty.com/users/PASIKSM', 'id': 'PASIKSM', 'self': 'https://api.pagerduty.com/users/PASIKSM', 'summary': 'Shilpa GV', 'type': 'user_reference'}]}, {'description': 'Rotation schedule for engineering', 'escalation_policies': [], 'html_url': 'https://shilpa.pagerduty.com/schedules/P7H83JQ', 'id': 'P7H83JQ', 'name': 'Sacumen', 'self': 'https://api.pagerduty.com/schedules/P7H83JQ', 'summary': 'Sacumen', 'teams': [], 'time_zone': 'America/New_York', 'type': 'schedule', 'users': [{'html_url': 'https://shilpa.pagerduty.com/users/PASIKSM', 'id': 'PASIKSM', 'self': 'https://api.pagerduty.com/users/PASIKSM', 'summary': 'Shilpa GV', 'type': 'user_reference'}]}, {'description': 'new shedule', 'escalation_policies': [], 'html_url': 'https://shilpa.pagerduty.com/schedules/PXQRXL2', 'id': 'PXQRXL2', 'name': 'shilpa', 'self': 'https://api.pagerduty.com/schedules/PXQRXL2', 'summary': 'shilpa', 'teams': [], 'time_zone': 'Etc/UTC', 'type': 'schedule', 'users': [{'html_url': 'https://shilpa.pagerduty.com/users/PASIKSM', 'id': 'PASIKSM', 'self': 'https://api.pagerduty.com/users/PASIKSM', 'summary': 'Shilpa GV', 'type': 'user_reference'}]}], 'total': None}
53867 2025-01-02 16:13:59,604 my_logger INFO 400
53867 2025-01-02 16:13:59,604 my_logger DEBUG {'error': {'code': 3001, 'errors': {'name': ['has already been taken']}, 'message': 'Invalid Schedule'}}
53867 2025-01-02 16:14:02,271 my_logger INFO 400
53867 2025-01-02 16:14:02,271 my_logger DEBUG {'error': {'code': 3001, 'errors': {'name': ['has already been taken']}, 'message': 'Invalid Schedule'}, 'schedule': {'description': 'Rotation schedule for engineering', 'escalation_policies': [], 'final_schedule': None, 'html_url': 'https://shilpa.pagerduty.com/schedules/P9O8THY', 'id': 'P9O8THY', 'name': 'Sacumen', 'overrides_subschedule': None, 'schedule_layers': [], 'self': 'https://api.pagerduty.com/schedules/P9O8THY', 'summary': 'Sacumen', 'teams': [], 'time_zone': 'America/New_York', 'type': 'schedule', 'users': None, 'validation_errors': [{'attr': '{:error=>:taken, :value=>"Sacumen"}', 'msg': None}]}}
54013 2025-01-02 16:15:01,661 my_logger INFO 200
54013 2025-01-02 16:15:01,662 my_logger DEBUG {'limit': 25, 'more': False, 'offset': 0, 'schedules': [{'description': 'kt for postman collection', 'escalation_policies': [], 'html_url': 'https://shilpa.pagerduty.com/schedules/PCKE7S6', 'id': 'PCKE7S6', 'name': 'KT', 'self': 'https://api.pagerduty.com/schedules/PCKE7S6', 'summary': 'KT', 'teams': [{'html_url': 'https://shilpa.pagerduty.com/teams/PLSDJRU', 'id': 'PLSDJRU', 'self': 'https://api.pagerduty.com/teams/PLSDJRU', 'summary': 'Sacumen', 'type': 'team_reference'}], 'time_zone': 'Etc/UTC', 'type': 'schedule', 'users': [{'html_url': 'https://shilpa.pagerduty.com/users/PASIKSM', 'id': 'PASIKSM', 'self': 'https://api.pagerduty.com/users/PASIKSM', 'summary': 'Shilpa GV', 'type': 'user_reference'}]}, {'description': 'Rotation schedule for Project1', 'escalation_policies': [], 'html_url': 'https://shilpa.pagerduty.com/schedules/PPKWUWL', 'id': 'PPKWUWL', 'name': 'Project1', 'self': 'https://api.pagerduty.com/schedules/PPKWUWL', 'summary': 'Project1', 'teams': [], 'time_zone': 'Etc/UTC', 'type': 'schedule', 'users': [{'html_url': 'https://shilpa.pagerduty.com/users/PASIKSM', 'id': 'PASIKSM', 'self': 'https://api.pagerduty.com/users/PASIKSM', 'summary': 'Shilpa GV', 'type': 'user_reference'}]}, {'description': 'Rotation schedule for Project2', 'escalation_policies': [], 'html_url': 'https://shilpa.pagerduty.com/schedules/P9O8THY', 'id': 'P9O8THY', 'name': 'Project2', 'self': 'https://api.pagerduty.com/schedules/P9O8THY', 'summary': 'Project2', 'teams': [], 'time_zone': 'Etc/UTC', 'type': 'schedule', 'users': [{'html_url': 'https://shilpa.pagerduty.com/users/PASIKSM', 'id': 'PASIKSM', 'self': 'https://api.pagerduty.com/users/PASIKSM', 'summary': 'Shilpa GV', 'type': 'user_reference'}]}, {'description': 'Rotation schedule for Project3', 'escalation_policies': [], 'html_url': 'https://shilpa.pagerduty.com/schedules/P5BKT58', 'id': 'P5BKT58', 'name': 'Project3', 'self': 'https://api.pagerduty.com/schedules/P5BKT58', 'summary': 'Project3', 'teams': [], 'time_zone': 'Etc/UTC', 'type': 'schedule', 'users': [{'html_url': 'https://shilpa.pagerduty.com/users/PASIKSM', 'id': 'PASIKSM', 'self': 'https://api.pagerduty.com/users/PASIKSM', 'summary': 'Shilpa GV', 'type': 'user_reference'}]}, {'description': 'Rotation schedule for Project4', 'escalation_policies': [], 'html_url': 'https://shilpa.pagerduty.com/schedules/P22ZSSI', 'id': 'P22ZSSI', 'name': 'Project4', 'self': 'https://api.pagerduty.com/schedules/P22ZSSI', 'summary': 'Project4', 'teams': [], 'time_zone': 'Etc/UTC', 'type': 'schedule', 'users': [{'html_url': 'https://shilpa.pagerduty.com/users/PASIKSM', 'id': 'PASIKSM', 'self': 'https://api.pagerduty.com/users/PASIKSM', 'summary': 'Shilpa GV', 'type': 'user_reference'}]}, {'description': 'Rotation schedule for Project5', 'escalation_policies': [], 'html_url': 'https://shilpa.pagerduty.com/schedules/PKLISD2', 'id': 'PKLISD2', 'name': 'Project5', 'self': 'https://api.pagerduty.com/schedules/PKLISD2', 'summary': 'Project5', 'teams': [], 'time_zone': 'Etc/UTC', 'type': 'schedule', 'users': [{'html_url': 'https://shilpa.pagerduty.com/users/PASIKSM', 'id': 'PASIKSM', 'self': 'https://api.pagerduty.com/users/PASIKSM', 'summary': 'Shilpa GV', 'type': 'user_reference'}]}, {'description': 'Rotation schedule for Project6', 'escalation_policies': [], 'html_url': 'https://shilpa.pagerduty.com/schedules/PHPXS0C', 'id': 'PHPXS0C', 'name': 'Project6', 'self': 'https://api.pagerduty.com/schedules/PHPXS0C', 'summary': 'Project6', 'teams': [], 'time_zone': 'Etc/UTC', 'type': 'schedule', 'users': [{'html_url': 'https://shilpa.pagerduty.com/users/PASIKSM', 'id': 'PASIKSM', 'self': 'https://api.pagerduty.com/users/PASIKSM', 'summary': 'Shilpa GV', 'type': 'user_reference'}]}, {'description': 'Rotation schedule for Project6', 'escalation_policies': [], 'html_url': 'https://shilpa.pagerduty.com/schedules/PPW98HO', 'id': 'PPW98HO', 'name': 'Project7', 'self': 'https://api.pagerduty.com/schedules/PPW98HO', 'summary': 'Project7', 'teams': [], 'time_zone': 'Etc/UTC', 'type': 'schedule', 'users': [{'html_url': 'https://shilpa.pagerduty.com/users/PASIKSM', 'id': 'PASIKSM', 'self': 'https://api.pagerduty.com/users/PASIKSM', 'summary': 'Shilpa GV', 'type': 'user_reference'}]}, {'description': 'Rotation schedule for Project6', 'escalation_policies': [], 'html_url': 'https://shilpa.pagerduty.com/schedules/P5NA7SY', 'id': 'P5NA7SY', 'name': 'Project8', 'self': 'https://api.pagerduty.com/schedules/P5NA7SY', 'summary': 'Project8', 'teams': [], 'time_zone': 'Etc/UTC', 'type': 'schedule', 'users': [{'html_url': 'https://shilpa.pagerduty.com/users/PASIKSM', 'id': 'PASIKSM', 'self': 'https://api.pagerduty.com/users/PASIKSM', 'summary': 'Shilpa GV', 'type': 'user_reference'}]}, {'description': 'Rotation schedule for Project6', 'escalation_policies': [], 'html_url': 'https://shilpa.pagerduty.com/schedules/P1BP6D8', 'id': 'P1BP6D8', 'name': 'Project9', 'self': 'https://api.pagerduty.com/schedules/P1BP6D8', 'summary': 'Project9', 'teams': [], 'time_zone': 'Etc/UTC', 'type': 'schedule', 'users': [{'html_url': 'https://shilpa.pagerduty.com/users/PASIKSM', 'id': 'PASIKSM', 'self': 'https://api.pagerduty.com/users/PASIKSM', 'summary': 'Shilpa GV', 'type': 'user_reference'}]}, {'description': 'Rotation schedule for engineering', 'escalation_policies': [], 'html_url': 'https://shilpa.pagerduty.com/schedules/P7H83JQ', 'id': 'P7H83JQ', 'name': 'Sacumen', 'self': 'https://api.pagerduty.com/schedules/P7H83JQ', 'summary': 'Sacumen', 'teams': [], 'time_zone': 'America/New_York', 'type': 'schedule', 'users': [{'html_url': 'https://shilpa.pagerduty.com/users/PASIKSM', 'id': 'PASIKSM', 'self': 'https://api.pagerduty.com/users/PASIKSM', 'summary': 'Shilpa GV', 'type': 'user_reference'}]}, {'description': 'new shedule', 'escalation_policies': [], 'html_url': 'https://shilpa.pagerduty.com/schedules/PXQRXL2', 'id': 'PXQRXL2', 'name': 'shilpa', 'self': 'https://api.pagerduty.com/schedules/PXQRXL2', 'summary': 'shilpa', 'teams': [], 'time_zone': 'Etc/UTC', 'type': 'schedule', 'users': [{'html_url': 'https://shilpa.pagerduty.com/users/PASIKSM', 'id': 'PASIKSM', 'self': 'https://api.pagerduty.com/users/PASIKSM', 'summary': 'Shilpa GV', 'type': 'user_reference'}]}], 'total': None}
54013 2025-01-02 16:15:04,115 my_logger INFO 400
54013 2025-01-02 16:15:04,116 my_logger DEBUG {'error': {'code': 3001, 'errors': {'name': ['has already been taken']}, 'message': 'Invalid Schedule'}, 'schedule': {'description': 'Rotation schedule for engineering', 'escalation_policies': [], 'final_schedule': None, 'html_url': 'https://shilpa.pagerduty.com/schedules/P9O8THY', 'id': 'P9O8THY', 'name': 'Sacumen', 'overrides_subschedule': None, 'schedule_layers': [], 'self': 'https://api.pagerduty.com/schedules/P9O8THY', 'summary': 'Sacumen', 'teams': [], 'time_zone': 'America/New_York', 'type': 'schedule', 'users': None, 'validation_errors': [{'attr': '{:error=>:taken, :value=>"Sacumen"}', 'msg': None}]}}
54203 2025-01-02 16:17:45,906 my_logger INFO 200
54203 2025-01-02 16:17:45,906 my_logger DEBUG {'limit': 25, 'more': False, 'offset': 0, 'schedules': [{'description': 'kt for postman collection', 'escalation_policies': [], 'html_url': 'https://shilpa.pagerduty.com/schedules/PCKE7S6', 'id': 'PCKE7S6', 'name': 'KT', 'self': 'https://api.pagerduty.com/schedules/PCKE7S6', 'summary': 'KT', 'teams': [{'html_url': 'https://shilpa.pagerduty.com/teams/PLSDJRU', 'id': 'PLSDJRU', 'self': 'https://api.pagerduty.com/teams/PLSDJRU', 'summary': 'Sacumen', 'type': 'team_reference'}], 'time_zone': 'Etc/UTC', 'type': 'schedule', 'users': [{'html_url': 'https://shilpa.pagerduty.com/users/PASIKSM', 'id': 'PASIKSM', 'self': 'https://api.pagerduty.com/users/PASIKSM', 'summary': 'Shilpa GV', 'type': 'user_reference'}]}, {'description': 'Rotation schedule for Project1', 'escalation_policies': [], 'html_url': 'https://shilpa.pagerduty.com/schedules/PPKWUWL', 'id': 'PPKWUWL', 'name': 'Project1', 'self': 'https://api.pagerduty.com/schedules/PPKWUWL', 'summary': 'Project1', 'teams': [], 'time_zone': 'Etc/UTC', 'type': 'schedule', 'users': [{'html_url': 'https://shilpa.pagerduty.com/users/PASIKSM', 'id': 'PASIKSM', 'self': 'https://api.pagerduty.com/users/PASIKSM', 'summary': 'Shilpa GV', 'type': 'user_reference'}]}, {'description': 'Rotation schedule for Project2', 'escalation_policies': [], 'html_url': 'https://shilpa.pagerduty.com/schedules/P9O8THY', 'id': 'P9O8THY', 'name': 'Project2', 'self': 'https://api.pagerduty.com/schedules/P9O8THY', 'summary': 'Project2', 'teams': [], 'time_zone': 'Etc/UTC', 'type': 'schedule', 'users': [{'html_url': 'https://shilpa.pagerduty.com/users/PASIKSM', 'id': 'PASIKSM', 'self': 'https://api.pagerduty.com/users/PASIKSM', 'summary': 'Shilpa GV', 'type': 'user_reference'}]}, {'description': 'Rotation schedule for Project3', 'escalation_policies': [], 'html_url': 'https://shilpa.pagerduty.com/schedules/P5BKT58', 'id': 'P5BKT58', 'name': 'Project3', 'self': 'https://api.pagerduty.com/schedules/P5BKT58', 'summary': 'Project3', 'teams': [], 'time_zone': 'Etc/UTC', 'type': 'schedule', 'users': [{'html_url': 'https://shilpa.pagerduty.com/users/PASIKSM', 'id': 'PASIKSM', 'self': 'https://api.pagerduty.com/users/PASIKSM', 'summary': 'Shilpa GV', 'type': 'user_reference'}]}, {'description': 'Rotation schedule for Project4', 'escalation_policies': [], 'html_url': 'https://shilpa.pagerduty.com/schedules/P22ZSSI', 'id': 'P22ZSSI', 'name': 'Project4', 'self': 'https://api.pagerduty.com/schedules/P22ZSSI', 'summary': 'Project4', 'teams': [], 'time_zone': 'Etc/UTC', 'type': 'schedule', 'users': [{'html_url': 'https://shilpa.pagerduty.com/users/PASIKSM', 'id': 'PASIKSM', 'self': 'https://api.pagerduty.com/users/PASIKSM', 'summary': 'Shilpa GV', 'type': 'user_reference'}]}, {'description': 'Rotation schedule for Project5', 'escalation_policies': [], 'html_url': 'https://shilpa.pagerduty.com/schedules/PKLISD2', 'id': 'PKLISD2', 'name': 'Project5', 'self': 'https://api.pagerduty.com/schedules/PKLISD2', 'summary': 'Project5', 'teams': [], 'time_zone': 'Etc/UTC', 'type': 'schedule', 'users': [{'html_url': 'https://shilpa.pagerduty.com/users/PASIKSM', 'id': 'PASIKSM', 'self': 'https://api.pagerduty.com/users/PASIKSM', 'summary': 'Shilpa GV', 'type': 'user_reference'}]}, {'description': 'Rotation schedule for Project6', 'escalation_policies': [], 'html_url': 'https://shilpa.pagerduty.com/schedules/PHPXS0C', 'id': 'PHPXS0C', 'name': 'Project6', 'self': 'https://api.pagerduty.com/schedules/PHPXS0C', 'summary': 'Project6', 'teams': [], 'time_zone': 'Etc/UTC', 'type': 'schedule', 'users': [{'html_url': 'https://shilpa.pagerduty.com/users/PASIKSM', 'id': 'PASIKSM', 'self': 'https://api.pagerduty.com/users/PASIKSM', 'summary': 'Shilpa GV', 'type': 'user_reference'}]}, {'description': 'Rotation schedule for Project6', 'escalation_policies': [], 'html_url': 'https://shilpa.pagerduty.com/schedules/PPW98HO', 'id': 'PPW98HO', 'name': 'Project7', 'self': 'https://api.pagerduty.com/schedules/PPW98HO', 'summary': 'Project7', 'teams': [], 'time_zone': 'Etc/UTC', 'type': 'schedule', 'users': [{'html_url': 'https://shilpa.pagerduty.com/users/PASIKSM', 'id': 'PASIKSM', 'self': 'https://api.pagerduty.com/users/PASIKSM', 'summary': 'Shilpa GV', 'type': 'user_reference'}]}, {'description': 'Rotation schedule for Project6', 'escalation_policies': [], 'html_url': 'https://shilpa.pagerduty.com/schedules/P5NA7SY', 'id': 'P5NA7SY', 'name': 'Project8', 'self': 'https://api.pagerduty.com/schedules/P5NA7SY', 'summary': 'Project8', 'teams': [], 'time_zone': 'Etc/UTC', 'type': 'schedule', 'users': [{'html_url': 'https://shilpa.pagerduty.com/users/PASIKSM', 'id': 'PASIKSM', 'self': 'https://api.pagerduty.com/users/PASIKSM', 'summary': 'Shilpa GV', 'type': 'user_reference'}]}, {'description': 'Rotation schedule for Project6', 'escalation_policies': [], 'html_url': 'https://shilpa.pagerduty.com/schedules/P1BP6D8', 'id': 'P1BP6D8', 'name': 'Project9', 'self': 'https://api.pagerduty.com/schedules/P1BP6D8', 'summary': 'Project9', 'teams': [], 'time_zone': 'Etc/UTC', 'type': 'schedule', 'users': [{'html_url': 'https://shilpa.pagerduty.com/users/PASIKSM', 'id': 'PASIKSM', 'self': 'https://api.pagerduty.com/users/PASIKSM', 'summary': 'Shilpa GV', 'type': 'user_reference'}]}, {'description': 'Rotation schedule for engineering', 'escalation_policies': [], 'html_url': 'https://shilpa.pagerduty.com/schedules/P7H83JQ', 'id': 'P7H83JQ', 'name': 'Sacumen', 'self': 'https://api.pagerduty.com/schedules/P7H83JQ', 'summary': 'Sacumen', 'teams': [], 'time_zone': 'America/New_York', 'type': 'schedule', 'users': [{'html_url': 'https://shilpa.pagerduty.com/users/PASIKSM', 'id': 'PASIKSM', 'self': 'https://api.pagerduty.com/users/PASIKSM', 'summary': 'Shilpa GV', 'type': 'user_reference'}]}, {'description': 'new shedule', 'escalation_policies': [], 'html_url': 'https://shilpa.pagerduty.com/schedules/PXQRXL2', 'id': 'PXQRXL2', 'name': 'shilpa', 'self': 'https://api.pagerduty.com/schedules/PXQRXL2', 'summary': 'shilpa', 'teams': [], 'time_zone': 'Etc/UTC', 'type': 'schedule', 'users': [{'html_url': 'https://shilpa.pagerduty.com/users/PASIKSM', 'id': 'PASIKSM', 'self': 'https://api.pagerduty.com/users/PASIKSM', 'summary': 'Shilpa GV', 'type': 'user_reference'}]}], 'total': None}
54441 2025-01-02 16:19:09,718 my_logger INFO 400
54441 2025-01-02 16:19:09,718 my_logger DEBUG {'error': {'code': 3001, 'errors': {'name': ['has already been taken']}, 'message': 'Invalid Schedule'}, 'schedule': {'description': 'Rotation schedule for engineering', 'escalation_policies': [], 'final_schedule': None, 'html_url': 'https://shilpa.pagerduty.com/schedules/P9O8THY', 'id': 'P9O8THY', 'name': 'Sacumen', 'overrides_subschedule': None, 'schedule_layers': [], 'self': 'https://api.pagerduty.com/schedules/P9O8THY', 'summary': 'Sacumen', 'teams': [], 'time_zone': 'America/New_York', 'type': 'schedule', 'users': None, 'validation_errors': [{'attr': '{:error=>:taken, :value=>"Sacumen"}', 'msg': None}]}}
54798 2025-01-02 16:19:56,986 my_logger INFO 200
54798 2025-01-02 16:19:56,986 my_logger DEBUG {'schedule': {'description': 'Rotation schedule for engineering', 'escalation_policies': [], 'final_schedule': {'name': 'Final Schedule', 'rendered_coverage_percentage': None, 'rendered_schedule_entries': []}, 'html_url': 'https://shilpa.pagerduty.com/schedules/P9O8THY', 'id': 'P9O8THY', 'name': 'kt_logging', 'overrides_subschedule': {'name': 'Overrides', 'rendered_coverage_percentage': None, 'rendered_schedule_entries': []}, 'schedule_layers': [{'end': '2025-01-02T05:49:56-05:00', 'id': 'PDH7561', 'name': 'Night Shift', 'rendered_coverage_percentage': None, 'rendered_schedule_entries': [], 'restrictions': [{'duration_seconds': 32400, 'start_time_of_day': '08:00:00', 'type': 'daily_restriction'}], 'rotation_turn_length_seconds': 86400, 'rotation_virtual_start': '2015-11-06T20:00:00-05:00', 'start': '2025-01-02T05:49:56-05:00', 'users': [{'user': {'html_url': 'https://shilpa.pagerduty.com/users/PASIKSM', 'id': 'PASIKSM', 'self': 'https://api.pagerduty.com/users/PASIKSM', 'summary': 'Shilpa GV', 'type': 'user_reference'}}]}, {'end': None, 'id': 'P0E2DPV', 'name': 'Night Shift', 'rendered_coverage_percentage': None, 'rendered_schedule_entries': [], 'restrictions': [{'duration_seconds': 32400, 'start_time_of_day': '03:00:00', 'type': 'daily_restriction'}], 'rotation_turn_length_seconds': 86400, 'rotation_virtual_start': '2015-11-06T20:00:00-05:00', 'start': '2024-12-26T23:28:49-05:00', 'users': [{'user': {'html_url': 'https://shilpa.pagerduty.com/users/PASIKSM', 'id': 'PASIKSM', 'self': 'https://api.pagerduty.com/users/PASIKSM', 'summary': 'Shilpa GV', 'type': 'user_reference'}}]}], 'self': 'https://api.pagerduty.com/schedules/P9O8THY', 'summary': 'kt_logging', 'teams': [], 'time_zone': 'America/New_York', 'type': 'schedule', 'users': [{'html_url': 'https://shilpa.pagerduty.com/users/PASIKSM', 'id': 'PASIKSM', 'self': 'https://api.pagerduty.com/users/PASIKSM', 'summary': 'Shilpa GV', 'type': 'user_reference'}]}}
54952 2025-01-02 16:20:22,891 my_logger INFO 200
54952 2025-01-02 16:20:22,891 my_logger DEBUG {'limit': 25, 'more': False, 'offset': 0, 'schedules': [{'description': 'kt for postman collection', 'escalation_policies': [], 'html_url': 'https://shilpa.pagerduty.com/schedules/PCKE7S6', 'id': 'PCKE7S6', 'name': 'KT', 'self': 'https://api.pagerduty.com/schedules/PCKE7S6', 'summary': 'KT', 'teams': [{'html_url': 'https://shilpa.pagerduty.com/teams/PLSDJRU', 'id': 'PLSDJRU', 'self': 'https://api.pagerduty.com/teams/PLSDJRU', 'summary': 'Sacumen', 'type': 'team_reference'}], 'time_zone': 'Etc/UTC', 'type': 'schedule', 'users': [{'html_url': 'https://shilpa.pagerduty.com/users/PASIKSM', 'id': 'PASIKSM', 'self': 'https://api.pagerduty.com/users/PASIKSM', 'summary': 'Shilpa GV', 'type': 'user_reference'}]}, {'description': 'Rotation schedule for engineering', 'escalation_policies': [], 'html_url': 'https://shilpa.pagerduty.com/schedules/P9O8THY', 'id': 'P9O8THY', 'name': 'kt_logging', 'self': 'https://api.pagerduty.com/schedules/P9O8THY', 'summary': 'kt_logging', 'teams': [], 'time_zone': 'America/New_York', 'type': 'schedule', 'users': [{'html_url': 'https://shilpa.pagerduty.com/users/PASIKSM', 'id': 'PASIKSM', 'self': 'https://api.pagerduty.com/users/PASIKSM', 'summary': 'Shilpa GV', 'type': 'user_reference'}]}, {'description': 'Rotation schedule for Project1', 'escalation_policies': [], 'html_url': 'https://shilpa.pagerduty.com/schedules/PPKWUWL', 'id': 'PPKWUWL', 'name': 'Project1', 'self': 'https://api.pagerduty.com/schedules/PPKWUWL', 'summary': 'Project1', 'teams': [], 'time_zone': 'Etc/UTC', 'type': 'schedule', 'users': [{'html_url': 'https://shilpa.pagerduty.com/users/PASIKSM', 'id': 'PASIKSM', 'self': 'https://api.pagerduty.com/users/PASIKSM', 'summary': 'Shilpa GV', 'type': 'user_reference'}]}, {'description': 'Rotation schedule for Project3', 'escalation_policies': [], 'html_url': 'https://shilpa.pagerduty.com/schedules/P5BKT58', 'id': 'P5BKT58', 'name': 'Project3', 'self': 'https://api.pagerduty.com/schedules/P5BKT58', 'summary': 'Project3', 'teams': [], 'time_zone': 'Etc/UTC', 'type': 'schedule', 'users': [{'html_url': 'https://shilpa.pagerduty.com/users/PASIKSM', 'id': 'PASIKSM', 'self': 'https://api.pagerduty.com/users/PASIKSM', 'summary': 'Shilpa GV', 'type': 'user_reference'}]}, {'description': 'Rotation schedule for Project4', 'escalation_policies': [], 'html_url': 'https://shilpa.pagerduty.com/schedules/P22ZSSI', 'id': 'P22ZSSI', 'name': 'Project4', 'self': 'https://api.pagerduty.com/schedules/P22ZSSI', 'summary': 'Project4', 'teams': [], 'time_zone': 'Etc/UTC', 'type': 'schedule', 'users': [{'html_url': 'https://shilpa.pagerduty.com/users/PASIKSM', 'id': 'PASIKSM', 'self': 'https://api.pagerduty.com/users/PASIKSM', 'summary': 'Shilpa GV', 'type': 'user_reference'}]}, {'description': 'Rotation schedule for Project5', 'escalation_policies': [], 'html_url': 'https://shilpa.pagerduty.com/schedules/PKLISD2', 'id': 'PKLISD2', 'name': 'Project5', 'self': 'https://api.pagerduty.com/schedules/PKLISD2', 'summary': 'Project5', 'teams': [], 'time_zone': 'Etc/UTC', 'type': 'schedule', 'users': [{'html_url': 'https://shilpa.pagerduty.com/users/PASIKSM', 'id': 'PASIKSM', 'self': 'https://api.pagerduty.com/users/PASIKSM', 'summary': 'Shilpa GV', 'type': 'user_reference'}]}, {'description': 'Rotation schedule for Project6', 'escalation_policies': [], 'html_url': 'https://shilpa.pagerduty.com/schedules/PHPXS0C', 'id': 'PHPXS0C', 'name': 'Project6', 'self': 'https://api.pagerduty.com/schedules/PHPXS0C', 'summary': 'Project6', 'teams': [], 'time_zone': 'Etc/UTC', 'type': 'schedule', 'users': [{'html_url': 'https://shilpa.pagerduty.com/users/PASIKSM', 'id': 'PASIKSM', 'self': 'https://api.pagerduty.com/users/PASIKSM', 'summary': 'Shilpa GV', 'type': 'user_reference'}]}, {'description': 'Rotation schedule for Project6', 'escalation_policies': [], 'html_url': 'https://shilpa.pagerduty.com/schedules/PPW98HO', 'id': 'PPW98HO', 'name': 'Project7', 'self': 'https://api.pagerduty.com/schedules/PPW98HO', 'summary': 'Project7', 'teams': [], 'time_zone': 'Etc/UTC', 'type': 'schedule', 'users': [{'html_url': 'https://shilpa.pagerduty.com/users/PASIKSM', 'id': 'PASIKSM', 'self': 'https://api.pagerduty.com/users/PASIKSM', 'summary': 'Shilpa GV', 'type': 'user_reference'}]}, {'description': 'Rotation schedule for Project6', 'escalation_policies': [], 'html_url': 'https://shilpa.pagerduty.com/schedules/P5NA7SY', 'id': 'P5NA7SY', 'name': 'Project8', 'self': 'https://api.pagerduty.com/schedules/P5NA7SY', 'summary': 'Project8', 'teams': [], 'time_zone': 'Etc/UTC', 'type': 'schedule', 'users': [{'html_url': 'https://shilpa.pagerduty.com/users/PASIKSM', 'id': 'PASIKSM', 'self': 'https://api.pagerduty.com/users/PASIKSM', 'summary': 'Shilpa GV', 'type': 'user_reference'}]}, {'description': 'Rotation schedule for Project6', 'escalation_policies': [], 'html_url': 'https://shilpa.pagerduty.com/schedules/P1BP6D8', 'id': 'P1BP6D8', 'name': 'Project9', 'self': 'https://api.pagerduty.com/schedules/P1BP6D8', 'summary': 'Project9', 'teams': [], 'time_zone': 'Etc/UTC', 'type': 'schedule', 'users': [{'html_url': 'https://shilpa.pagerduty.com/users/PASIKSM', 'id': 'PASIKSM', 'self': 'https://api.pagerduty.com/users/PASIKSM', 'summary': 'Shilpa GV', 'type': 'user_reference'}]}, {'description': 'Rotation schedule for engineering', 'escalation_policies': [], 'html_url': 'https://shilpa.pagerduty.com/schedules/P7H83JQ', 'id': 'P7H83JQ', 'name': 'Sacumen', 'self': 'https://api.pagerduty.com/schedules/P7H83JQ', 'summary': 'Sacumen', 'teams': [], 'time_zone': 'America/New_York', 'type': 'schedule', 'users': [{'html_url': 'https://shilpa.pagerduty.com/users/PASIKSM', 'id': 'PASIKSM', 'self': 'https://api.pagerduty.com/users/PASIKSM', 'summary': 'Shilpa GV', 'type': 'user_reference'}]}, {'description': 'new shedule', 'escalation_policies': [], 'html_url': 'https://shilpa.pagerduty.com/schedules/PXQRXL2', 'id': 'PXQRXL2', 'name': 'shilpa', 'self': 'https://api.pagerduty.com/schedules/PXQRXL2', 'summary': 'shilpa', 'teams': [], 'time_zone': 'Etc/UTC', 'type': 'schedule', 'users': [{'html_url': 'https://shilpa.pagerduty.com/users/PASIKSM', 'id': 'PASIKSM', 'self': 'https://api.pagerduty.com/users/PASIKSM', 'summary': 'Shilpa GV', 'type': 'user_reference'}]}], 'total': None}
54952 2025-01-02 16:20:25,056 my_logger INFO 200
54952 2025-01-02 16:20:25,057 my_logger DEBUG {'schedule': {'description': 'Rotation schedule for engineering', 'escalation_policies': [], 'final_schedule': {'name': 'Final Schedule', 'rendered_coverage_percentage': None, 'rendered_schedule_entries': []}, 'html_url': 'https://shilpa.pagerduty.com/schedules/P9O8THY', 'id': 'P9O8THY', 'name': 'kt_logging', 'overrides_subschedule': {'name': 'Overrides', 'rendered_coverage_percentage': None, 'rendered_schedule_entries': []}, 'schedule_layers': [{'end': '2025-01-02T05:50:24-05:00', 'id': 'PPPM2PY', 'name': 'Night Shift', 'rendered_coverage_percentage': None, 'rendered_schedule_entries': [], 'restrictions': [{'duration_seconds': 32400, 'start_time_of_day': '08:00:00', 'type': 'daily_restriction'}], 'rotation_turn_length_seconds': 86400, 'rotation_virtual_start': '2015-11-06T20:00:00-05:00', 'start': '2025-01-02T05:50:24-05:00', 'users': [{'user': {'html_url': 'https://shilpa.pagerduty.com/users/PASIKSM', 'id': 'PASIKSM', 'self': 'https://api.pagerduty.com/users/PASIKSM', 'summary': 'Shilpa GV', 'type': 'user_reference'}}]}, {'end': '2025-01-02T05:49:56-05:00', 'id': 'PDH7561', 'name': 'Night Shift', 'rendered_coverage_percentage': None, 'rendered_schedule_entries': [], 'restrictions': [{'duration_seconds': 32400, 'start_time_of_day': '08:00:00', 'type': 'daily_restriction'}], 'rotation_turn_length_seconds': 86400, 'rotation_virtual_start': '2015-11-06T20:00:00-05:00', 'start': '2025-01-02T05:49:56-05:00', 'users': [{'user': {'html_url': 'https://shilpa.pagerduty.com/users/PASIKSM', 'id': 'PASIKSM', 'self': 'https://api.pagerduty.com/users/PASIKSM', 'summary': 'Shilpa GV', 'type': 'user_reference'}}]}, {'end': None, 'id': 'P0E2DPV', 'name': 'Night Shift', 'rendered_coverage_percentage': None, 'rendered_schedule_entries': [], 'restrictions': [{'duration_seconds': 32400, 'start_time_of_day': '03:00:00', 'type': 'daily_restriction'}], 'rotation_turn_length_seconds': 86400, 'rotation_virtual_start': '2015-11-06T20:00:00-05:00', 'start': '2024-12-26T23:28:49-05:00', 'users': [{'user': {'html_url': 'https://shilpa.pagerduty.com/users/PASIKSM', 'id': 'PASIKSM', 'self': 'https://api.pagerduty.com/users/PASIKSM', 'summary': 'Shilpa GV', 'type': 'user_reference'}}]}], 'self': 'https://api.pagerduty.com/schedules/P9O8THY', 'summary': 'kt_logging', 'teams': [], 'time_zone': 'America/New_York', 'type': 'schedule', 'users': [{'html_url': 'https://shilpa.pagerduty.com/users/PASIKSM', 'id': 'PASIKSM', 'self': 'https://api.pagerduty.com/users/PASIKSM', 'summary': 'Shilpa GV', 'type': 'user_reference'}]}}
55024 2025-01-02 16:20:58,376 my_logger INFO 200
55024 2025-01-02 16:20:58,376 my_logger DEBUG {'limit': 25, 'more': False, 'offset': 0, 'schedules': [{'description': 'kt for postman collection', 'escalation_policies': [], 'html_url': 'https://shilpa.pagerduty.com/schedules/PCKE7S6', 'id': 'PCKE7S6', 'name': 'KT', 'self': 'https://api.pagerduty.com/schedules/PCKE7S6', 'summary': 'KT', 'teams': [{'html_url': 'https://shilpa.pagerduty.com/teams/PLSDJRU', 'id': 'PLSDJRU', 'self': 'https://api.pagerduty.com/teams/PLSDJRU', 'summary': 'Sacumen', 'type': 'team_reference'}], 'time_zone': 'Etc/UTC', 'type': 'schedule', 'users': [{'html_url': 'https://shilpa.pagerduty.com/users/PASIKSM', 'id': 'PASIKSM', 'self': 'https://api.pagerduty.com/users/PASIKSM', 'summary': 'Shilpa GV', 'type': 'user_reference'}]}, {'description': 'Rotation schedule for engineering', 'escalation_policies': [], 'html_url': 'https://shilpa.pagerduty.com/schedules/P9O8THY', 'id': 'P9O8THY', 'name': 'kt_logging', 'self': 'https://api.pagerduty.com/schedules/P9O8THY', 'summary': 'kt_logging', 'teams': [], 'time_zone': 'America/New_York', 'type': 'schedule', 'users': [{'html_url': 'https://shilpa.pagerduty.com/users/PASIKSM', 'id': 'PASIKSM', 'self': 'https://api.pagerduty.com/users/PASIKSM', 'summary': 'Shilpa GV', 'type': 'user_reference'}]}, {'description': 'Rotation schedule for Project1', 'escalation_policies': [], 'html_url': 'https://shilpa.pagerduty.com/schedules/PPKWUWL', 'id': 'PPKWUWL', 'name': 'Project1', 'self': 'https://api.pagerduty.com/schedules/PPKWUWL', 'summary': 'Project1', 'teams': [], 'time_zone': 'Etc/UTC', 'type': 'schedule', 'users': [{'html_url': 'https://shilpa.pagerduty.com/users/PASIKSM', 'id': 'PASIKSM', 'self': 'https://api.pagerduty.com/users/PASIKSM', 'summary': 'Shilpa GV', 'type': 'user_reference'}]}, {'description': 'Rotation schedule for Project3', 'escalation_policies': [], 'html_url': 'https://shilpa.pagerduty.com/schedules/P5BKT58', 'id': 'P5BKT58', 'name': 'Project3', 'self': 'https://api.pagerduty.com/schedules/P5BKT58', 'summary': 'Project3', 'teams': [], 'time_zone': 'Etc/UTC', 'type': 'schedule', 'users': [{'html_url': 'https://shilpa.pagerduty.com/users/PASIKSM', 'id': 'PASIKSM', 'self': 'https://api.pagerduty.com/users/PASIKSM', 'summary': 'Shilpa GV', 'type': 'user_reference'}]}, {'description': 'Rotation schedule for Project4', 'escalation_policies': [], 'html_url': 'https://shilpa.pagerduty.com/schedules/P22ZSSI', 'id': 'P22ZSSI', 'name': 'Project4', 'self': 'https://api.pagerduty.com/schedules/P22ZSSI', 'summary': 'Project4', 'teams': [], 'time_zone': 'Etc/UTC', 'type': 'schedule', 'users': [{'html_url': 'https://shilpa.pagerduty.com/users/PASIKSM', 'id': 'PASIKSM', 'self': 'https://api.pagerduty.com/users/PASIKSM', 'summary': 'Shilpa GV', 'type': 'user_reference'}]}, {'description': 'Rotation schedule for Project5', 'escalation_policies': [], 'html_url': 'https://shilpa.pagerduty.com/schedules/PKLISD2', 'id': 'PKLISD2', 'name': 'Project5', 'self': 'https://api.pagerduty.com/schedules/PKLISD2', 'summary': 'Project5', 'teams': [], 'time_zone': 'Etc/UTC', 'type': 'schedule', 'users': [{'html_url': 'https://shilpa.pagerduty.com/users/PASIKSM', 'id': 'PASIKSM', 'self': 'https://api.pagerduty.com/users/PASIKSM', 'summary': 'Shilpa GV', 'type': 'user_reference'}]}, {'description': 'Rotation schedule for Project6', 'escalation_policies': [], 'html_url': 'https://shilpa.pagerduty.com/schedules/PHPXS0C', 'id': 'PHPXS0C', 'name': 'Project6', 'self': 'https://api.pagerduty.com/schedules/PHPXS0C', 'summary': 'Project6', 'teams': [], 'time_zone': 'Etc/UTC', 'type': 'schedule', 'users': [{'html_url': 'https://shilpa.pagerduty.com/users/PASIKSM', 'id': 'PASIKSM', 'self': 'https://api.pagerduty.com/users/PASIKSM', 'summary': 'Shilpa GV', 'type': 'user_reference'}]}, {'description': 'Rotation schedule for Project6', 'escalation_policies': [], 'html_url': 'https://shilpa.pagerduty.com/schedules/PPW98HO', 'id': 'PPW98HO', 'name': 'Project7', 'self': 'https://api.pagerduty.com/schedules/PPW98HO', 'summary': 'Project7', 'teams': [], 'time_zone': 'Etc/UTC', 'type': 'schedule', 'users': [{'html_url': 'https://shilpa.pagerduty.com/users/PASIKSM', 'id': 'PASIKSM', 'self': 'https://api.pagerduty.com/users/PASIKSM', 'summary': 'Shilpa GV', 'type': 'user_reference'}]}, {'description': 'Rotation schedule for Project6', 'escalation_policies': [], 'html_url': 'https://shilpa.pagerduty.com/schedules/P5NA7SY', 'id': 'P5NA7SY', 'name': 'Project8', 'self': 'https://api.pagerduty.com/schedules/P5NA7SY', 'summary': 'Project8', 'teams': [], 'time_zone': 'Etc/UTC', 'type': 'schedule', 'users': [{'html_url': 'https://shilpa.pagerduty.com/users/PASIKSM', 'id': 'PASIKSM', 'self': 'https://api.pagerduty.com/users/PASIKSM', 'summary': 'Shilpa GV', 'type': 'user_reference'}]}, {'description': 'Rotation schedule for Project6', 'escalation_policies': [], 'html_url': 'https://shilpa.pagerduty.com/schedules/P1BP6D8', 'id': 'P1BP6D8', 'name': 'Project9', 'self': 'https://api.pagerduty.com/schedules/P1BP6D8', 'summary': 'Project9', 'teams': [], 'time_zone': 'Etc/UTC', 'type': 'schedule', 'users': [{'html_url': 'https://shilpa.pagerduty.com/users/PASIKSM', 'id': 'PASIKSM', 'self': 'https://api.pagerduty.com/users/PASIKSM', 'summary': 'Shilpa GV', 'type': 'user_reference'}]}, {'description': 'Rotation schedule for engineering', 'escalation_policies': [], 'html_url': 'https://shilpa.pagerduty.com/schedules/P7H83JQ', 'id': 'P7H83JQ', 'name': 'Sacumen', 'self': 'https://api.pagerduty.com/schedules/P7H83JQ', 'summary': 'Sacumen', 'teams': [], 'time_zone': 'America/New_York', 'type': 'schedule', 'users': [{'html_url': 'https://shilpa.pagerduty.com/users/PASIKSM', 'id': 'PASIKSM', 'self': 'https://api.pagerduty.com/users/PASIKSM', 'summary': 'Shilpa GV', 'type': 'user_reference'}]}, {'description': 'new shedule', 'escalation_policies': [], 'html_url': 'https://shilpa.pagerduty.com/schedules/PXQRXL2', 'id': 'PXQRXL2', 'name': 'shilpa', 'self': 'https://api.pagerduty.com/schedules/PXQRXL2', 'summary': 'shilpa', 'teams': [], 'time_zone': 'Etc/UTC', 'type': 'schedule', 'users': [{'html_url': 'https://shilpa.pagerduty.com/users/PASIKSM', 'id': 'PASIKSM', 'self': 'https://api.pagerduty.com/users/PASIKSM', 'summary': 'Shilpa GV', 'type': 'user_reference'}]}], 'total': None}
55024 2025-01-02 16:21:00,932 my_logger INFO 200
55024 2025-01-02 16:21:00,932 my_logger DEBUG {'schedule': {'description': 'Rotation schedule for engineering', 'escalation_policies': [], 'final_schedule': {'name': 'Final Schedule', 'rendered_coverage_percentage': None, 'rendered_schedule_entries': []}, 'html_url': 'https://shilpa.pagerduty.com/schedules/P9O8THY', 'id': 'P9O8THY', 'name': 'kt_logging', 'overrides_subschedule': {'name': 'Overrides', 'rendered_coverage_percentage': None, 'rendered_schedule_entries': []}, 'schedule_layers': [{'end': '2025-01-02T05:51:00-05:00', 'id': 'PKOBUDW', 'name': 'Night Shift', 'rendered_coverage_percentage': None, 'rendered_schedule_entries': [], 'restrictions': [{'duration_seconds': 32400, 'start_time_of_day': '08:00:00', 'type': 'daily_restriction'}], 'rotation_turn_length_seconds': 86400, 'rotation_virtual_start': '2015-11-06T20:00:00-05:00', 'start': '2025-01-02T05:51:00-05:00', 'users': [{'user': {'html_url': 'https://shilpa.pagerduty.com/users/PASIKSM', 'id': 'PASIKSM', 'self': 'https://api.pagerduty.com/users/PASIKSM', 'summary': 'Shilpa GV', 'type': 'user_reference'}}]}, {'end': '2025-01-02T05:50:24-05:00', 'id': 'PPPM2PY', 'name': 'Night Shift', 'rendered_coverage_percentage': None, 'rendered_schedule_entries': [], 'restrictions': [{'duration_seconds': 32400, 'start_time_of_day': '08:00:00', 'type': 'daily_restriction'}], 'rotation_turn_length_seconds': 86400, 'rotation_virtual_start': '2015-11-06T20:00:00-05:00', 'start': '2025-01-02T05:50:24-05:00', 'users': [{'user': {'html_url': 'https://shilpa.pagerduty.com/users/PASIKSM', 'id': 'PASIKSM', 'self': 'https://api.pagerduty.com/users/PASIKSM', 'summary': 'Shilpa GV', 'type': 'user_reference'}}]}, {'end': '2025-01-02T05:49:56-05:00', 'id': 'PDH7561', 'name': 'Night Shift', 'rendered_coverage_percentage': None, 'rendered_schedule_entries': [], 'restrictions': [{'duration_seconds': 32400, 'start_time_of_day': '08:00:00', 'type': 'daily_restriction'}], 'rotation_turn_length_seconds': 86400, 'rotation_virtual_start': '2015-11-06T20:00:00-05:00', 'start': '2025-01-02T05:49:56-05:00', 'users': [{'user': {'html_url': 'https://shilpa.pagerduty.com/users/PASIKSM', 'id': 'PASIKSM', 'self': 'https://api.pagerduty.com/users/PASIKSM', 'summary': 'Shilpa GV', 'type': 'user_reference'}}]}, {'end': None, 'id': 'P0E2DPV', 'name': 'Night Shift', 'rendered_coverage_percentage': None, 'rendered_schedule_entries': [], 'restrictions': [{'duration_seconds': 32400, 'start_time_of_day': '03:00:00', 'type': 'daily_restriction'}], 'rotation_turn_length_seconds': 86400, 'rotation_virtual_start': '2015-11-06T20:00:00-05:00', 'start': '2024-12-26T23:28:49-05:00', 'users': [{'user': {'html_url': 'https://shilpa.pagerduty.com/users/PASIKSM', 'id': 'PASIKSM', 'self': 'https://api.pagerduty.com/users/PASIKSM', 'summary': 'Shilpa GV', 'type': 'user_reference'}}]}], 'self': 'https://api.pagerduty.com/schedules/P9O8THY', 'summary': 'kt_logging', 'teams': [], 'time_zone': 'America/New_York', 'type': 'schedule', 'users': [{'html_url': 'https://shilpa.pagerduty.com/users/PASIKSM', 'id': 'PASIKSM', 'self': 'https://api.pagerduty.com/users/PASIKSM', 'summary': 'Shilpa GV', 'type': 'user_reference'}]}}
55103 2025-01-02 16:21:15,531 my_logger INFO 200
55103 2025-01-02 16:21:15,531 my_logger DEBUG {'limit': 25, 'more': False, 'offset': 0, 'schedules': [{'description': 'kt for postman collection', 'escalation_policies': [], 'html_url': 'https://shilpa.pagerduty.com/schedules/PCKE7S6', 'id': 'PCKE7S6', 'name': 'KT', 'self': 'https://api.pagerduty.com/schedules/PCKE7S6', 'summary': 'KT', 'teams': [{'html_url': 'https://shilpa.pagerduty.com/teams/PLSDJRU', 'id': 'PLSDJRU', 'self': 'https://api.pagerduty.com/teams/PLSDJRU', 'summary': 'Sacumen', 'type': 'team_reference'}], 'time_zone': 'Etc/UTC', 'type': 'schedule', 'users': [{'html_url': 'https://shilpa.pagerduty.com/users/PASIKSM', 'id': 'PASIKSM', 'self': 'https://api.pagerduty.com/users/PASIKSM', 'summary': 'Shilpa GV', 'type': 'user_reference'}]}, {'description': 'Rotation schedule for engineering', 'escalation_policies': [], 'html_url': 'https://shilpa.pagerduty.com/schedules/P9O8THY', 'id': 'P9O8THY', 'name': 'kt_logging', 'self': 'https://api.pagerduty.com/schedules/P9O8THY', 'summary': 'kt_logging', 'teams': [], 'time_zone': 'America/New_York', 'type': 'schedule', 'users': [{'html_url': 'https://shilpa.pagerduty.com/users/PASIKSM', 'id': 'PASIKSM', 'self': 'https://api.pagerduty.com/users/PASIKSM', 'summary': 'Shilpa GV', 'type': 'user_reference'}]}, {'description': 'Rotation schedule for Project1', 'escalation_policies': [], 'html_url': 'https://shilpa.pagerduty.com/schedules/PPKWUWL', 'id': 'PPKWUWL', 'name': 'Project1', 'self': 'https://api.pagerduty.com/schedules/PPKWUWL', 'summary': 'Project1', 'teams': [], 'time_zone': 'Etc/UTC', 'type': 'schedule', 'users': [{'html_url': 'https://shilpa.pagerduty.com/users/PASIKSM', 'id': 'PASIKSM', 'self': 'https://api.pagerduty.com/users/PASIKSM', 'summary': 'Shilpa GV', 'type': 'user_reference'}]}, {'description': 'Rotation schedule for Project3', 'escalation_policies': [], 'html_url': 'https://shilpa.pagerduty.com/schedules/P5BKT58', 'id': 'P5BKT58', 'name': 'Project3', 'self': 'https://api.pagerduty.com/schedules/P5BKT58', 'summary': 'Project3', 'teams': [], 'time_zone': 'Etc/UTC', 'type': 'schedule', 'users': [{'html_url': 'https://shilpa.pagerduty.com/users/PASIKSM', 'id': 'PASIKSM', 'self': 'https://api.pagerduty.com/users/PASIKSM', 'summary': 'Shilpa GV', 'type': 'user_reference'}]}, {'description': 'Rotation schedule for Project4', 'escalation_policies': [], 'html_url': 'https://shilpa.pagerduty.com/schedules/P22ZSSI', 'id': 'P22ZSSI', 'name': 'Project4', 'self': 'https://api.pagerduty.com/schedules/P22ZSSI', 'summary': 'Project4', 'teams': [], 'time_zone': 'Etc/UTC', 'type': 'schedule', 'users': [{'html_url': 'https://shilpa.pagerduty.com/users/PASIKSM', 'id': 'PASIKSM', 'self': 'https://api.pagerduty.com/users/PASIKSM', 'summary': 'Shilpa GV', 'type': 'user_reference'}]}, {'description': 'Rotation schedule for Project5', 'escalation_policies': [], 'html_url': 'https://shilpa.pagerduty.com/schedules/PKLISD2', 'id': 'PKLISD2', 'name': 'Project5', 'self': 'https://api.pagerduty.com/schedules/PKLISD2', 'summary': 'Project5', 'teams': [], 'time_zone': 'Etc/UTC', 'type': 'schedule', 'users': [{'html_url': 'https://shilpa.pagerduty.com/users/PASIKSM', 'id': 'PASIKSM', 'self': 'https://api.pagerduty.com/users/PASIKSM', 'summary': 'Shilpa GV', 'type': 'user_reference'}]}, {'description': 'Rotation schedule for Project6', 'escalation_policies': [], 'html_url': 'https://shilpa.pagerduty.com/schedules/PHPXS0C', 'id': 'PHPXS0C', 'name': 'Project6', 'self': 'https://api.pagerduty.com/schedules/PHPXS0C', 'summary': 'Project6', 'teams': [], 'time_zone': 'Etc/UTC', 'type': 'schedule', 'users': [{'html_url': 'https://shilpa.pagerduty.com/users/PASIKSM', 'id': 'PASIKSM', 'self': 'https://api.pagerduty.com/users/PASIKSM', 'summary': 'Shilpa GV', 'type': 'user_reference'}]}, {'description': 'Rotation schedule for Project6', 'escalation_policies': [], 'html_url': 'https://shilpa.pagerduty.com/schedules/PPW98HO', 'id': 'PPW98HO', 'name': 'Project7', 'self': 'https://api.pagerduty.com/schedules/PPW98HO', 'summary': 'Project7', 'teams': [], 'time_zone': 'Etc/UTC', 'type': 'schedule', 'users': [{'html_url': 'https://shilpa.pagerduty.com/users/PASIKSM', 'id': 'PASIKSM', 'self': 'https://api.pagerduty.com/users/PASIKSM', 'summary': 'Shilpa GV', 'type': 'user_reference'}]}, {'description': 'Rotation schedule for Project6', 'escalation_policies': [], 'html_url': 'https://shilpa.pagerduty.com/schedules/P5NA7SY', 'id': 'P5NA7SY', 'name': 'Project8', 'self': 'https://api.pagerduty.com/schedules/P5NA7SY', 'summary': 'Project8', 'teams': [], 'time_zone': 'Etc/UTC', 'type': 'schedule', 'users': [{'html_url': 'https://shilpa.pagerduty.com/users/PASIKSM', 'id': 'PASIKSM', 'self': 'https://api.pagerduty.com/users/PASIKSM', 'summary': 'Shilpa GV', 'type': 'user_reference'}]}, {'description': 'Rotation schedule for Project6', 'escalation_policies': [], 'html_url': 'https://shilpa.pagerduty.com/schedules/P1BP6D8', 'id': 'P1BP6D8', 'name': 'Project9', 'self': 'https://api.pagerduty.com/schedules/P1BP6D8', 'summary': 'Project9', 'teams': [], 'time_zone': 'Etc/UTC', 'type': 'schedule', 'users': [{'html_url': 'https://shilpa.pagerduty.com/users/PASIKSM', 'id': 'PASIKSM', 'self': 'https://api.pagerduty.com/users/PASIKSM', 'summary': 'Shilpa GV', 'type': 'user_reference'}]}, {'description': 'Rotation schedule for engineering', 'escalation_policies': [], 'html_url': 'https://shilpa.pagerduty.com/schedules/P7H83JQ', 'id': 'P7H83JQ', 'name': 'Sacumen', 'self': 'https://api.pagerduty.com/schedules/P7H83JQ', 'summary': 'Sacumen', 'teams': [], 'time_zone': 'America/New_York', 'type': 'schedule', 'users': [{'html_url': 'https://shilpa.pagerduty.com/users/PASIKSM', 'id': 'PASIKSM', 'self': 'https://api.pagerduty.com/users/PASIKSM', 'summary': 'Shilpa GV', 'type': 'user_reference'}]}, {'description': 'new shedule', 'escalation_policies': [], 'html_url': 'https://shilpa.pagerduty.com/schedules/PXQRXL2', 'id': 'PXQRXL2', 'name': 'shilpa', 'self': 'https://api.pagerduty.com/schedules/PXQRXL2', 'summary': 'shilpa', 'teams': [], 'time_zone': 'Etc/UTC', 'type': 'schedule', 'users': [{'html_url': 'https://shilpa.pagerduty.com/users/PASIKSM', 'id': 'PASIKSM', 'self': 'https://api.pagerduty.com/users/PASIKSM', 'summary': 'Shilpa GV', 'type': 'user_reference'}]}], 'total': None}
55103 2025-01-02 16:21:17,884 my_logger INFO 200
55103 2025-01-02 16:21:17,884 my_logger DEBUG {'schedule': {'description': 'Rotation schedule for engineering', 'escalation_policies': [], 'final_schedule': {'name': 'Final Schedule', 'rendered_coverage_percentage': None, 'rendered_schedule_entries': []}, 'html_url': 'https://shilpa.pagerduty.com/schedules/P9O8THY', 'id': 'P9O8THY', 'name': 'kt_logging', 'overrides_subschedule': {'name': 'Overrides', 'rendered_coverage_percentage': None, 'rendered_schedule_entries': []}, 'schedule_layers': [{'end': '2025-01-02T05:51:17-05:00', 'id': 'PF7SPWN', 'name': 'Night Shift', 'rendered_coverage_percentage': None, 'rendered_schedule_entries': [], 'restrictions': [{'duration_seconds': 32400, 'start_time_of_day': '08:00:00', 'type': 'daily_restriction'}], 'rotation_turn_length_seconds': 86400, 'rotation_virtual_start': '2015-11-06T20:00:00-05:00', 'start': '2025-01-02T05:51:17-05:00', 'users': [{'user': {'html_url': 'https://shilpa.pagerduty.com/users/PASIKSM', 'id': 'PASIKSM', 'self': 'https://api.pagerduty.com/users/PASIKSM', 'summary': 'Shilpa GV', 'type': 'user_reference'}}]}, {'end': '2025-01-02T05:51:00-05:00', 'id': 'PKOBUDW', 'name': 'Night Shift', 'rendered_coverage_percentage': None, 'rendered_schedule_entries': [], 'restrictions': [{'duration_seconds': 32400, 'start_time_of_day': '08:00:00', 'type': 'daily_restriction'}], 'rotation_turn_length_seconds': 86400, 'rotation_virtual_start': '2015-11-06T20:00:00-05:00', 'start': '2025-01-02T05:51:00-05:00', 'users': [{'user': {'html_url': 'https://shilpa.pagerduty.com/users/PASIKSM', 'id': 'PASIKSM', 'self': 'https://api.pagerduty.com/users/PASIKSM', 'summary': 'Shilpa GV', 'type': 'user_reference'}}]}, {'end': '2025-01-02T05:50:24-05:00', 'id': 'PPPM2PY', 'name': 'Night Shift', 'rendered_coverage_percentage': None, 'rendered_schedule_entries': [], 'restrictions': [{'duration_seconds': 32400, 'start_time_of_day': '08:00:00', 'type': 'daily_restriction'}], 'rotation_turn_length_seconds': 86400, 'rotation_virtual_start': '2015-11-06T20:00:00-05:00', 'start': '2025-01-02T05:50:24-05:00', 'users': [{'user': {'html_url': 'https://shilpa.pagerduty.com/users/PASIKSM', 'id': 'PASIKSM', 'self': 'https://api.pagerduty.com/users/PASIKSM', 'summary': 'Shilpa GV', 'type': 'user_reference'}}]}, {'end': '2025-01-02T05:49:56-05:00', 'id': 'PDH7561', 'name': 'Night Shift', 'rendered_coverage_percentage': None, 'rendered_schedule_entries': [], 'restrictions': [{'duration_seconds': 32400, 'start_time_of_day': '08:00:00', 'type': 'daily_restriction'}], 'rotation_turn_length_seconds': 86400, 'rotation_virtual_start': '2015-11-06T20:00:00-05:00', 'start': '2025-01-02T05:49:56-05:00', 'users': [{'user': {'html_url': 'https://shilpa.pagerduty.com/users/PASIKSM', 'id': 'PASIKSM', 'self': 'https://api.pagerduty.com/users/PASIKSM', 'summary': 'Shilpa GV', 'type': 'user_reference'}}]}, {'end': None, 'id': 'P0E2DPV', 'name': 'Night Shift', 'rendered_coverage_percentage': None, 'rendered_schedule_entries': [], 'restrictions': [{'duration_seconds': 32400, 'start_time_of_day': '03:00:00', 'type': 'daily_restriction'}], 'rotation_turn_length_seconds': 86400, 'rotation_virtual_start': '2015-11-06T20:00:00-05:00', 'start': '2024-12-26T23:28:49-05:00', 'users': [{'user': {'html_url': 'https://shilpa.pagerduty.com/users/PASIKSM', 'id': 'PASIKSM', 'self': 'https://api.pagerduty.com/users/PASIKSM', 'summary': 'Shilpa GV', 'type': 'user_reference'}}]}], 'self': 'https://api.pagerduty.com/schedules/P9O8THY', 'summary': 'kt_logging', 'teams': [], 'time_zone': 'America/New_York', 'type': 'schedule', 'users': [{'html_url': 'https://shilpa.pagerduty.com/users/PASIKSM', 'id': 'PASIKSM', 'self': 'https://api.pagerduty.com/users/PASIKSM', 'summary': 'Shilpa GV', 'type': 'user_reference'}]}}
18564 2025-01-03 09:17:36,811 my_logger INFO 404
18564 2025-01-03 09:17:36,811 my_logger DEBUG {'error': 'Not Found'}
18626 2025-01-03 09:17:50,890 my_logger INFO 404
18626 2025-01-03 09:17:50,890 my_logger DEBUG {'error': 'Not Found'}
19141 2025-01-03 09:22:33,823 my_logger INFO 404
19141 2025-01-03 09:22:33,823 my_logger DEBUG {'error': 'Not Found'}
19196 2025-01-03 09:22:41,900 my_logger INFO 404
19196 2025-01-03 09:22:41,900 my_logger DEBUG {'error': 'Not Found'}
19363 2025-01-03 09:24:20,982 my_logger INFO 204
19645 2025-01-03 09:27:05,091 my_logger INFO 200
19645 2025-01-03 09:27:05,091 my_logger DEBUG {'limit': 25, 'more': False, 'offset': 0, 'schedules': [{'description': 'kt for postman collection', 'escalation_policies': [], 'html_url': 'https://shilpa.pagerduty.com/schedules/PCKE7S6', 'id': 'PCKE7S6', 'name': 'KT', 'self': 'https://api.pagerduty.com/schedules/PCKE7S6', 'summary': 'KT', 'teams': [{'html_url': 'https://shilpa.pagerduty.com/teams/PLSDJRU', 'id': 'PLSDJRU', 'self': 'https://api.pagerduty.com/teams/PLSDJRU', 'summary': 'Sacumen', 'type': 'team_reference'}], 'time_zone': 'Etc/UTC', 'type': 'schedule', 'users': [{'html_url': 'https://shilpa.pagerduty.com/users/PASIKSM', 'id': 'PASIKSM', 'self': 'https://api.pagerduty.com/users/PASIKSM', 'summary': 'Shilpa GV', 'type': 'user_reference'}]}, {'description': 'Rotation schedule for Project1', 'escalation_policies': [], 'html_url': 'https://shilpa.pagerduty.com/schedules/PPKWUWL', 'id': 'PPKWUWL', 'name': 'Project1', 'self': 'https://api.pagerduty.com/schedules/PPKWUWL', 'summary': 'Project1', 'teams': [], 'time_zone': 'Etc/UTC', 'type': 'schedule', 'users': [{'html_url': 'https://shilpa.pagerduty.com/users/PASIKSM', 'id': 'PASIKSM', 'self': 'https://api.pagerduty.com/users/PASIKSM', 'summary': 'Shilpa GV', 'type': 'user_reference'}]}, {'description': 'Rotation schedule for Project3', 'escalation_policies': [], 'html_url': 'https://shilpa.pagerduty.com/schedules/P5BKT58', 'id': 'P5BKT58', 'name': 'Project3', 'self': 'https://api.pagerduty.com/schedules/P5BKT58', 'summary': 'Project3', 'teams': [], 'time_zone': 'Etc/UTC', 'type': 'schedule', 'users': [{'html_url': 'https://shilpa.pagerduty.com/users/PASIKSM', 'id': 'PASIKSM', 'self': 'https://api.pagerduty.com/users/PASIKSM', 'summary': 'Shilpa GV', 'type': 'user_reference'}]}, {'description': 'Rotation schedule for Project4', 'escalation_policies': [], 'html_url': 'https://shilpa.pagerduty.com/schedules/P22ZSSI', 'id': 'P22ZSSI', 'name': 'Project4', 'self': 'https://api.pagerduty.com/schedules/P22ZSSI', 'summary': 'Project4', 'teams': [], 'time_zone': 'Etc/UTC', 'type': 'schedule', 'users': [{'html_url': 'https://shilpa.pagerduty.com/users/PASIKSM', 'id': 'PASIKSM', 'self': 'https://api.pagerduty.com/users/PASIKSM', 'summary': 'Shilpa GV', 'type': 'user_reference'}]}, {'description': 'Rotation schedule for Project5', 'escalation_policies': [], 'html_url': 'https://shilpa.pagerduty.com/schedules/PKLISD2', 'id': 'PKLISD2', 'name': 'Project5', 'self': 'https://api.pagerduty.com/schedules/PKLISD2', 'summary': 'Project5', 'teams': [], 'time_zone': 'Etc/UTC', 'type': 'schedule', 'users': [{'html_url': 'https://shilpa.pagerduty.com/users/PASIKSM', 'id': 'PASIKSM', 'self': 'https://api.pagerduty.com/users/PASIKSM', 'summary': 'Shilpa GV', 'type': 'user_reference'}]}, {'description': 'Rotation schedule for Project6', 'escalation_policies': [], 'html_url': 'https://shilpa.pagerduty.com/schedules/PHPXS0C', 'id': 'PHPXS0C', 'name': 'Project6', 'self': 'https://api.pagerduty.com/schedules/PHPXS0C', 'summary': 'Project6', 'teams': [], 'time_zone': 'Etc/UTC', 'type': 'schedule', 'users': [{'html_url': 'https://shilpa.pagerduty.com/users/PASIKSM', 'id': 'PASIKSM', 'self': 'https://api.pagerduty.com/users/PASIKSM', 'summary': 'Shilpa GV', 'type': 'user_reference'}]}, {'description': 'Rotation schedule for Project6', 'escalation_policies': [], 'html_url': 'https://shilpa.pagerduty.com/schedules/PPW98HO', 'id': 'PPW98HO', 'name': 'Project7', 'self': 'https://api.pagerduty.com/schedules/PPW98HO', 'summary': 'Project7', 'teams': [], 'time_zone': 'Etc/UTC', 'type': 'schedule', 'users': [{'html_url': 'https://shilpa.pagerduty.com/users/PASIKSM', 'id': 'PASIKSM', 'self': 'https://api.pagerduty.com/users/PASIKSM', 'summary': 'Shilpa GV', 'type': 'user_reference'}]}, {'description': 'Rotation schedule for Project6', 'escalation_policies': [], 'html_url': 'https://shilpa.pagerduty.com/schedules/P5NA7SY', 'id': 'P5NA7SY', 'name': 'Project8', 'self': 'https://api.pagerduty.com/schedules/P5NA7SY', 'summary': 'Project8', 'teams': [], 'time_zone': 'Etc/UTC', 'type': 'schedule', 'users': [{'html_url': 'https://shilpa.pagerduty.com/users/PASIKSM', 'id': 'PASIKSM', 'self': 'https://api.pagerduty.com/users/PASIKSM', 'summary': 'Shilpa GV', 'type': 'user_reference'}]}, {'description': 'Rotation schedule for Project6', 'escalation_policies': [], 'html_url': 'https://shilpa.pagerduty.com/schedules/P1BP6D8', 'id': 'P1BP6D8', 'name': 'Project9', 'self': 'https://api.pagerduty.com/schedules/P1BP6D8', 'summary': 'Project9', 'teams': [], 'time_zone': 'Etc/UTC', 'type': 'schedule', 'users': [{'html_url': 'https://shilpa.pagerduty.com/users/PASIKSM', 'id': 'PASIKSM', 'self': 'https://api.pagerduty.com/users/PASIKSM', 'summary': 'Shilpa GV', 'type': 'user_reference'}]}, {'description': 'Rotation schedule for engineering', 'escalation_policies': [], 'html_url': 'https://shilpa.pagerduty.com/schedules/P7H83JQ', 'id': 'P7H83JQ', 'name': 'Sacumen', 'self': 'https://api.pagerduty.com/schedules/P7H83JQ', 'summary': 'Sacumen', 'teams': [], 'time_zone': 'America/New_York', 'type': 'schedule', 'users': [{'html_url': 'https://shilpa.pagerduty.com/users/PASIKSM', 'id': 'PASIKSM', 'self': 'https://api.pagerduty.com/users/PASIKSM', 'summary': 'Shilpa GV', 'type': 'user_reference'}]}, {'description': 'new shedule', 'escalation_policies': [], 'html_url': 'https://shilpa.pagerduty.com/schedules/PXQRXL2', 'id': 'PXQRXL2', 'name': 'shilpa', 'self': 'https://api.pagerduty.com/schedules/PXQRXL2', 'summary': 'shilpa', 'teams': [], 'time_zone': 'Etc/UTC', 'type': 'schedule', 'users': [{'html_url': 'https://shilpa.pagerduty.com/users/PASIKSM', 'id': 'PASIKSM', 'self': 'https://api.pagerduty.com/users/PASIKSM', 'summary': 'Shilpa GV', 'type': 'user_reference'}]}], 'total': None}
19645 2025-01-03 09:27:07,184 my_logger INFO 404
19735 2025-01-03 09:27:40,323 my_logger INFO 200
19735 2025-01-03 09:27:40,323 my_logger DEBUG {'limit': 25, 'more': False, 'offset': 0, 'schedules': [{'description': 'kt for postman collection', 'escalation_policies': [], 'html_url': 'https://shilpa.pagerduty.com/schedules/PCKE7S6', 'id': 'PCKE7S6', 'name': 'KT', 'self': 'https://api.pagerduty.com/schedules/PCKE7S6', 'summary': 'KT', 'teams': [{'html_url': 'https://shilpa.pagerduty.com/teams/PLSDJRU', 'id': 'PLSDJRU', 'self': 'https://api.pagerduty.com/teams/PLSDJRU', 'summary': 'Sacumen', 'type': 'team_reference'}], 'time_zone': 'Etc/UTC', 'type': 'schedule', 'users': [{'html_url': 'https://shilpa.pagerduty.com/users/PASIKSM', 'id': 'PASIKSM', 'self': 'https://api.pagerduty.com/users/PASIKSM', 'summary': 'Shilpa GV', 'type': 'user_reference'}]}, {'description': 'Rotation schedule for Project1', 'escalation_policies': [], 'html_url': 'https://shilpa.pagerduty.com/schedules/PPKWUWL', 'id': 'PPKWUWL', 'name': 'Project1', 'self': 'https://api.pagerduty.com/schedules/PPKWUWL', 'summary': 'Project1', 'teams': [], 'time_zone': 'Etc/UTC', 'type': 'schedule', 'users': [{'html_url': 'https://shilpa.pagerduty.com/users/PASIKSM', 'id': 'PASIKSM', 'self': 'https://api.pagerduty.com/users/PASIKSM', 'summary': 'Shilpa GV', 'type': 'user_reference'}]}, {'description': 'Rotation schedule for Project3', 'escalation_policies': [], 'html_url': 'https://shilpa.pagerduty.com/schedules/P5BKT58', 'id': 'P5BKT58', 'name': 'Project3', 'self': 'https://api.pagerduty.com/schedules/P5BKT58', 'summary': 'Project3', 'teams': [], 'time_zone': 'Etc/UTC', 'type': 'schedule', 'users': [{'html_url': 'https://shilpa.pagerduty.com/users/PASIKSM', 'id': 'PASIKSM', 'self': 'https://api.pagerduty.com/users/PASIKSM', 'summary': 'Shilpa GV', 'type': 'user_reference'}]}, {'description': 'Rotation schedule for Project4', 'escalation_policies': [], 'html_url': 'https://shilpa.pagerduty.com/schedules/P22ZSSI', 'id': 'P22ZSSI', 'name': 'Project4', 'self': 'https://api.pagerduty.com/schedules/P22ZSSI', 'summary': 'Project4', 'teams': [], 'time_zone': 'Etc/UTC', 'type': 'schedule', 'users': [{'html_url': 'https://shilpa.pagerduty.com/users/PASIKSM', 'id': 'PASIKSM', 'self': 'https://api.pagerduty.com/users/PASIKSM', 'summary': 'Shilpa GV', 'type': 'user_reference'}]}, {'description': 'Rotation schedule for Project5', 'escalation_policies': [], 'html_url': 'https://shilpa.pagerduty.com/schedules/PKLISD2', 'id': 'PKLISD2', 'name': 'Project5', 'self': 'https://api.pagerduty.com/schedules/PKLISD2', 'summary': 'Project5', 'teams': [], 'time_zone': 'Etc/UTC', 'type': 'schedule', 'users': [{'html_url': 'https://shilpa.pagerduty.com/users/PASIKSM', 'id': 'PASIKSM', 'self': 'https://api.pagerduty.com/users/PASIKSM', 'summary': 'Shilpa GV', 'type': 'user_reference'}]}, {'description': 'Rotation schedule for Project6', 'escalation_policies': [], 'html_url': 'https://shilpa.pagerduty.com/schedules/PHPXS0C', 'id': 'PHPXS0C', 'name': 'Project6', 'self': 'https://api.pagerduty.com/schedules/PHPXS0C', 'summary': 'Project6', 'teams': [], 'time_zone': 'Etc/UTC', 'type': 'schedule', 'users': [{'html_url': 'https://shilpa.pagerduty.com/users/PASIKSM', 'id': 'PASIKSM', 'self': 'https://api.pagerduty.com/users/PASIKSM', 'summary': 'Shilpa GV', 'type': 'user_reference'}]}, {'description': 'Rotation schedule for Project6', 'escalation_policies': [], 'html_url': 'https://shilpa.pagerduty.com/schedules/PPW98HO', 'id': 'PPW98HO', 'name': 'Project7', 'self': 'https://api.pagerduty.com/schedules/PPW98HO', 'summary': 'Project7', 'teams': [], 'time_zone': 'Etc/UTC', 'type': 'schedule', 'users': [{'html_url': 'https://shilpa.pagerduty.com/users/PASIKSM', 'id': 'PASIKSM', 'self': 'https://api.pagerduty.com/users/PASIKSM', 'summary': 'Shilpa GV', 'type': 'user_reference'}]}, {'description': 'Rotation schedule for Project6', 'escalation_policies': [], 'html_url': 'https://shilpa.pagerduty.com/schedules/P5NA7SY', 'id': 'P5NA7SY', 'name': 'Project8', 'self': 'https://api.pagerduty.com/schedules/P5NA7SY', 'summary': 'Project8', 'teams': [], 'time_zone': 'Etc/UTC', 'type': 'schedule', 'users': [{'html_url': 'https://shilpa.pagerduty.com/users/PASIKSM', 'id': 'PASIKSM', 'self': 'https://api.pagerduty.com/users/PASIKSM', 'summary': 'Shilpa GV', 'type': 'user_reference'}]}, {'description': 'Rotation schedule for Project6', 'escalation_policies': [], 'html_url': 'https://shilpa.pagerduty.com/schedules/P1BP6D8', 'id': 'P1BP6D8', 'name': 'Project9', 'self': 'https://api.pagerduty.com/schedules/P1BP6D8', 'summary': 'Project9', 'teams': [], 'time_zone': 'Etc/UTC', 'type': 'schedule', 'users': [{'html_url': 'https://shilpa.pagerduty.com/users/PASIKSM', 'id': 'PASIKSM', 'self': 'https://api.pagerduty.com/users/PASIKSM', 'summary': 'Shilpa GV', 'type': 'user_reference'}]}, {'description': 'Rotation schedule for engineering', 'escalation_policies': [], 'html_url': 'https://shilpa.pagerduty.com/schedules/P7H83JQ', 'id': 'P7H83JQ', 'name': 'Sacumen', 'self': 'https://api.pagerduty.com/schedules/P7H83JQ', 'summary': 'Sacumen', 'teams': [], 'time_zone': 'America/New_York', 'type': 'schedule', 'users': [{'html_url': 'https://shilpa.pagerduty.com/users/PASIKSM', 'id': 'PASIKSM', 'self': 'https://api.pagerduty.com/users/PASIKSM', 'summary': 'Shilpa GV', 'type': 'user_reference'}]}, {'description': 'new shedule', 'escalation_policies': [], 'html_url': 'https://shilpa.pagerduty.com/schedules/PXQRXL2', 'id': 'PXQRXL2', 'name': 'shilpa', 'self': 'https://api.pagerduty.com/schedules/PXQRXL2', 'summary': 'shilpa', 'teams': [], 'time_zone': 'Etc/UTC', 'type': 'schedule', 'users': [{'html_url': 'https://shilpa.pagerduty.com/users/PASIKSM', 'id': 'PASIKSM', 'self': 'https://api.pagerduty.com/users/PASIKSM', 'summary': 'Shilpa GV', 'type': 'user_reference'}]}], 'total': None}
20139 2025-01-03 09:33:21,498 my_logger INFO 204
22495 2025-01-03 09:43:37,119 my_logger INFO 404
22495 2025-01-03 09:43:37,120 my_logger DEBUG {'error': 'Not Found'}
18913 2025-01-07 10:10:38,605 my_logger INFO 200
18913 2025-01-07 10:10:38,605 my_logger DEBUG {'limit': 2, 'more': True, 'offset': 0, 'schedules': [{'description': 'Rotation schedule for Project1', 'escalation_policies': [], 'html_url': 'https://shilpa.pagerduty.com/schedules/PPKWUWL', 'id': 'PPKWUWL', 'name': 'Project1', 'self': 'https://api.pagerduty.com/schedules/PPKWUWL', 'summary': 'Project1', 'teams': [], 'time_zone': 'Etc/UTC', 'type': 'schedule', 'users': [{'html_url': 'https://shilpa.pagerduty.com/users/PASIKSM', 'id': 'PASIKSM', 'self': 'https://api.pagerduty.com/users/PASIKSM', 'summary': 'Shilpa GV', 'type': 'user_reference'}]}, {'description': 'Rotation schedule for Project3', 'escalation_policies': [], 'html_url': 'https://shilpa.pagerduty.com/schedules/P5BKT58', 'id': 'P5BKT58', 'name': 'Project3', 'self': 'https://api.pagerduty.com/schedules/P5BKT58', 'summary': 'Project3', 'teams': [], 'time_zone': 'Etc/UTC', 'type': 'schedule', 'users': [{'html_url': 'https://shilpa.pagerduty.com/users/PASIKSM', 'id': 'PASIKSM', 'self': 'https://api.pagerduty.com/users/PASIKSM', 'summary': 'Shilpa GV', 'type': 'user_reference'}]}], 'total': None}
20413 2025-01-07 10:14:40,657 my_logger INFO 200
20413 2025-01-07 10:14:40,658 my_logger DEBUG {
    "limit": 2,
    "more": true,
    "offset": 0,
    "schedules": [
        {
            "description": "Rotation schedule for Project1",
            "escalation_policies": [],
            "html_url": "https://shilpa.pagerduty.com/schedules/PPKWUWL",
            "id": "PPKWUWL",
            "name": "Project1",
            "self": "https://api.pagerduty.com/schedules/PPKWUWL",
            "summary": "Project1",
            "teams": [],
            "time_zone": "Etc/UTC",
            "type": "schedule",
            "users": [
                {
                    "html_url": "https://shilpa.pagerduty.com/users/PASIKSM",
                    "id": "PASIKSM",
                    "self": "https://api.pagerduty.com/users/PASIKSM",
                    "summary": "Shilpa GV",
                    "type": "user_reference"
                }
            ]
        },
        {
            "description": "Rotation schedule for Project3",
            "escalation_policies": [],
            "html_url": "https://shilpa.pagerduty.com/schedules/P5BKT58",
            "id": "P5BKT58",
            "name": "Project3",
            "self": "https://api.pagerduty.com/schedules/P5BKT58",
            "summary": "Project3",
            "teams": [],
            "time_zone": "Etc/UTC",
            "type": "schedule",
            "users": [
                {
                    "html_url": "https://shilpa.pagerduty.com/users/PASIKSM",
                    "id": "PASIKSM",
                    "self": "https://api.pagerduty.com/users/PASIKSM",
                    "summary": "Shilpa GV",
                    "type": "user_reference"
                }
            ]
        }
    ],
    "total": null
}
20557 2025-01-07 10:15:29,780 my_logger INFO 200
20557 2025-01-07 10:15:29,781 my_logger DEBUG {
    "limit": 2,
    "more": true,
    "offset": 2,
    "schedules": [
        {
            "description": "Rotation schedule for Project4",
            "escalation_policies": [],
            "html_url": "https://shilpa.pagerduty.com/schedules/P22ZSSI",
            "id": "P22ZSSI",
            "name": "Project4",
            "self": "https://api.pagerduty.com/schedules/P22ZSSI",
            "summary": "Project4",
            "teams": [],
            "time_zone": "Etc/UTC",
            "type": "schedule",
            "users": [
                {
                    "html_url": "https://shilpa.pagerduty.com/users/PASIKSM",
                    "id": "PASIKSM",
                    "self": "https://api.pagerduty.com/users/PASIKSM",
                    "summary": "Shilpa GV",
                    "type": "user_reference"
                }
            ]
        },
        {
            "description": "Rotation schedule for Project5",
            "escalation_policies": [],
            "html_url": "https://shilpa.pagerduty.com/schedules/PKLISD2",
            "id": "PKLISD2",
            "name": "Project5",
            "self": "https://api.pagerduty.com/schedules/PKLISD2",
            "summary": "Project5",
            "teams": [],
            "time_zone": "Etc/UTC",
            "type": "schedule",
            "users": [
                {
                    "html_url": "https://shilpa.pagerduty.com/users/PASIKSM",
                    "id": "PASIKSM",
                    "self": "https://api.pagerduty.com/users/PASIKSM",
                    "summary": "Shilpa GV",
                    "type": "user_reference"
                }
            ]
        }
    ],
    "total": null
}
21771 2025-01-07 10:19:26,677 my_logger INFO 200
21771 2025-01-07 10:19:26,677 my_logger INFO {
    "limit": 2,
    "more": true,
    "offset": 2,
    "schedules": [
        {
            "description": "Rotation schedule for Project4",
            "escalation_policies": [],
            "html_url": "https://shilpa.pagerduty.com/schedules/P22ZSSI",
            "id": "P22ZSSI",
            "name": "Project4",
            "self": "https://api.pagerduty.com/schedules/P22ZSSI",
            "summary": "Project4",
            "teams": [],
            "time_zone": "Etc/UTC",
            "type": "schedule",
            "users": [
                {
                    "html_url": "https://shilpa.pagerduty.com/users/PASIKSM",
                    "id": "PASIKSM",
                    "self": "https://api.pagerduty.com/users/PASIKSM",
                    "summary": "Shilpa GV",
                    "type": "user_reference"
                }
            ]
        },
        {
            "description": "Rotation schedule for Project5",
            "escalation_policies": [],
            "html_url": "https://shilpa.pagerduty.com/schedules/PKLISD2",
            "id": "PKLISD2",
            "name": "Project5",
            "self": "https://api.pagerduty.com/schedules/PKLISD2",
            "summary": "Project5",
            "teams": [],
            "time_zone": "Etc/UTC",
            "type": "schedule",
            "users": [
                {
                    "html_url": "https://shilpa.pagerduty.com/users/PASIKSM",
                    "id": "PASIKSM",
                    "self": "https://api.pagerduty.com/users/PASIKSM",
                    "summary": "Shilpa GV",
                    "type": "user_reference"
                }
            ]
        }
    ],
    "total": null
}
22021 2025-01-07 10:22:13,314 my_logger INFO 200
22021 2025-01-07 10:22:13,315 my_logger INFO {
    "limit": 2,
    "more": true,
    "offset": 2,
    "schedules": [
        {
            "description": "Rotation schedule for Project4",
            "escalation_policies": [],
            "html_url": "https://shilpa.pagerduty.com/schedules/P22ZSSI",
            "id": "P22ZSSI",
            "name": "Project4",
            "self": "https://api.pagerduty.com/schedules/P22ZSSI",
            "summary": "Project4",
            "teams": [],
            "time_zone": "Etc/UTC",
            "type": "schedule",
            "users": [
                {
                    "html_url": "https://shilpa.pagerduty.com/users/PASIKSM",
                    "id": "PASIKSM",
                    "self": "https://api.pagerduty.com/users/PASIKSM",
                    "summary": "Shilpa GV",
                    "type": "user_reference"
                }
            ]
        },
        {
            "description": "Rotation schedule for Project5",
            "escalation_policies": [],
            "html_url": "https://shilpa.pagerduty.com/schedules/PKLISD2",
            "id": "PKLISD2",
            "name": "Project5",
            "self": "https://api.pagerduty.com/schedules/PKLISD2",
            "summary": "Project5",
            "teams": [],
            "time_zone": "Etc/UTC",
            "type": "schedule",
            "users": [
                {
                    "html_url": "https://shilpa.pagerduty.com/users/PASIKSM",
                    "id": "PASIKSM",
                    "self": "https://api.pagerduty.com/users/PASIKSM",
                    "summary": "Shilpa GV",
                    "type": "user_reference"
                }
            ]
        }
    ],
    "total": null
}
